starting test with SKIP_BUILD="" and DO_VALIDATE=""
Running test with user lomangs
-- Generating ;/home/lomangs/coursera/buildroot/assignments-3-and-later-lomangs/assignment-autotest/test/assignment1/Test_hello_Runner.c;/home/lomangs/coursera/buildroot/assignments-3-and-later-lomangs/assignment-autotest/test/assignment1/Test_assignment_validate_Runner.c from test/assignment1/Test_hello.c;test/assignment1/Test_assignment_validate.c
-- Building executable including ;/home/lomangs/coursera/buildroot/assignments-3-and-later-lomangs/assignment-autotest/test/assignment1/Test_hello_Runner.c;/home/lomangs/coursera/buildroot/assignments-3-and-later-lomangs/assignment-autotest/test/assignment1/Test_assignment_validate_Runner.c test/assignment1/Test_hello.c;test/assignment1/Test_assignment_validate.c and ../examples/autotest-validate/autotest-validate.c
-- Configuring done
-- Generating done
-- Build files have been written to: /home/lomangs/coursera/buildroot/assignments-3-and-later-lomangs/build
[ 10%] Building C object assignment-autotest/Unity/src/CMakeFiles/unity.dir/unity.c.o
[ 20%] Linking C static library libunity.a
[ 20%] Built target unity
[ 30%] Generating ../../assignment-autotest/test/assignment1/Test_hello_Runner.c, ../../assignment-autotest/test/assignment1/Test_assignment_validate_Runner.c, ../../assignment-autotest/test/unity_runner.c
Test files for auto dependency generation test/assignment1/Test_hello.c test/assignment1/Test_assignment_validate.c
Autogenerating runner for test/assignment1/Test_hello.c
Autogenerating runner for test/assignment1/Test_assignment_validate.c
Autogenerating test/unity_runner.c
[ 40%] Building C object assignment-autotest/CMakeFiles/assignment-autotest.dir/test/assignment1/Test_hello.c.o
[ 50%] Building C object assignment-autotest/CMakeFiles/assignment-autotest.dir/test/assignment1/Test_assignment_validate.c.o
[ 60%] Building C object assignment-autotest/CMakeFiles/assignment-autotest.dir/test/assignment1/Test_hello_Runner.c.o
[ 70%] Building C object assignment-autotest/CMakeFiles/assignment-autotest.dir/test/assignment1/Test_assignment_validate_Runner.c.o
[ 80%] Building C object assignment-autotest/CMakeFiles/assignment-autotest.dir/__/examples/autotest-validate/autotest-validate.c.o
[ 90%] Building C object assignment-autotest/CMakeFiles/assignment-autotest.dir/test/unity_runner.c.o
[100%] Linking C executable assignment-autotest
[100%] Built target assignment-autotest
/home/lomangs/coursera/buildroot/assignments-3-and-later-lomangs/assignment-autotest/test/assignment1/Test_hello.c:6:test_hello:INFO: Hello!  Your unity setup is working!
/home/lomangs/coursera/buildroot/assignments-3-and-later-lomangs/assignment-autotest/test/assignment1/Test_hello.c:4:test_hello:PASS

-----------------------
1 Tests 0 Failures 0 Ignored 
OK
/home/lomangs/coursera/buildroot/assignments-3-and-later-lomangs/assignment-autotest/test/assignment1/Test_assignment_validate.c:9:test_assignment_validate:PASS

-----------------------
1 Tests 0 Failures 0 Ignored 
OK
Executing assignment test script
~/coursera/buildroot/assignments-3-and-later-lomangs/assignment-autotest/test/assignment5 ~/coursera/buildroot/assignments-3-and-later-lomangs
~/coursera/buildroot/assignments-3-and-later-lomangs/server ~/coursera/buildroot/assignments-3-and-later-lomangs/assignment-autotest/test/assignment5 ~/coursera/buildroot/assignments-3-and-later-lomangs
rm -f aesdsocket *.o
cc -Wall -Werror -g -o aesdsocket aesdsocket.c
~/coursera/buildroot/assignments-3-and-later-lomangs/assignment-autotest/test/assignment5 ~/coursera/buildroot/assignments-3-and-later-lomangs/server ~/coursera/buildroot/assignments-3-and-later-lomangs/assignment-autotest/test/assignment5 ~/coursera/buildroot/assignments-3-and-later-lomangs
~/coursera/buildroot/assignments-3-and-later-lomangs/assignment-autotest/test/assignment5 ~/coursera/buildroot/assignments-3-and-later-lomangs/assignment-autotest/test/assignment5 ~/coursera/buildroot/assignments-3-and-later-lomangs/server ~/coursera/buildroot/assignments-3-and-later-lomangs/assignment-autotest/test/assignment5 ~/coursera/buildroot/assignments-3-and-later-lomangs
Testing target localhost on port 9000
sending string abcdefg to localhost on port 9000
sending string hijklmnop to localhost on port 9000
sending string 1234567890 to localhost on port 9000
sending string 9876543210 to localhost on port 9000
Sending long string from long_string.txt file
sending string lfcCEGDr9AwJ0wiI2dg4jMocKvbnVWXJ9eNuf5UbDArpt9ga9sqJnc2TwRQe0lQXarCHJjgb7TBuB4Cb9Bk2UFj8f7ZXJpwRm5PF4H26B8td40Tm5itE0rTp4xFXxyMbwOtCb23QKG6DywAsyfnyXSFDsmymwaQ9oR8da5kpabpjNmL9QvLJXiw9K0O7TBCvtcudqEvPgW65pseDmjQpdOdjBaAXqxZtcMUM8ButiII9YKGapi2Awh79BmcchvT9P8Fau6co2z1znLDQnQSlHN4qKQDu5JlE7yYiuZJRsSdja4Q6cSiL9Dxq2FhUP5R3aY1gtCzXcI4tksOzhVgrXvmhmY4ua82sji7xu2dqaQdIjrqCBMHmcDGyv4ZfObEapKzNXoC4c11BYMzT0onBR1cZMRDPwo97VPBKoxE3aKxwsdw6IXcJAY8TFtw97O6yLFMEn2niAm2FOWDYKh0UqmKVjrdwvEXJMAFyAISWwtREm7lmXAFcR5tHYPFLxXdnyFDQ0l1Q0WO91NgvloH31NUQdHDlMTLfk08dJ6i9RtzhuuQBAJOWc3rfpMsgt0SI1vLRVoekizTGtHlqak2UoWdmv3HMAXUn47RQio3et1Cu1TOD02mAsjllhaLk6zf9oBHPLJyzGcwv71MaM9VfYj1fEDmNWruSqDT6f9skKxpOyr96ThjZoleylRbczoStHVSkPigV8vu89jqFN9hI6k0dT6Hs8ltsODlm830Ptqet8V8fmUNDgfZh55RasY6Dn2HFDoMlcWi80uEs2FqqjunQQCrhegn8zHBCj6FpVMfkMiYJzStKeT72SdAJfsgL8EeAq3zo1rjTaNqRRay8W1Kgu0Ot5JipQhR2mbL2QsU220XNjWwBq6NITy8vAL1pCVjSFzRyAtQIQAt4r418XPhlJGDKlzjMdjftkVvMy1vxsfqTSmmJ939PIbUr5kN2KSqrgkdrU4ijZebv48Rc38nIzDm4rcC9zrduguBW1eCCI2XLS3ZXEu2JJNt938GHshtOrYngvP24srUAlz1Fq4JtK53HObMrzvTQxJxB4Pkd9WZixiMZUHtOeOAsaqWd7VSrICufIvgBgEEPVUSRfoglb4U7GjRjDWiS0zpDudaul7rVUXIiGJ70t0eywEGZqXTltLk7knURJVY4tvtKdhx3vtT2nH7uYxLYqfXhRtd1yMfkYhcUeWgOfo2vqRwNmHSf6dhB4udIyGrBOc9yaVZ0KQCaU8FMoNUykufO0OCFK61JzAtSPJ60t5a8CoXj4ktf1zS5XAhAlhWZ4ZJMTMnLxCQ8TK2AnM1Mrxil9jF75OcmTVw6HS0NNLxzcItG2Gq3PnhSauE9620HmGQKVpp7rQAqTeUb8Cm2KcABC7kZLH8qcPgkPtcvToEvfv53CggciU3aidqVPxu1vRsx389ASiFQPOoRebN3xhrAukkNvvCWklvsrT1NCfgoEGHJgr7n95RFn8VWQ4a3bIKUYViqGcslVOUdDU0TOBBzZedKs1LjrGXDnEWyMWP3SK5uXFjRraNS394EY8aUOxireOHOxPBha9ccu839deG93xvMUxFLfnvnnNFTf7rxAEfzntxUPbnpeNzQEYI6WlzduRjITzekQJpX4xAU5M8CfgkdZl9E9zVgAqblsenq65EDkWqg21uafuXEOyRausifYvutU0lwFJ2ztlJgeoFNK5dKljsFc7qr5Yr6bdmMyFXLkS2q0pUtXX4wOlws5OR645HlvbJRcrhwaGiFFKvxm138cUYHNQdgxmDRRykT0IOkBKwBN7IZa4F8IPYWfrQdgTqTVQOAmHiwA5hSAPkFKDEm2nluntLabIP2nWGEo4zfjpckXyD9yzzoYZh0ofVCzUmAu3ShfIiazwiS8oE0h2D4Kb7JjQU69hczjjqC6rCz7ECW7cVvIRtqNZHhkDvxKBfvncqrY2cUx1gWjpRtv1kfimbh6mqnIahb8WQNxicVma0LVLQ3QqwzP0MX0NYibzjfzJ6BDQqmYuH5ExVnn3cBZsx0sgWnxd7WXDfYKcfaYMYysAFGvbkFYSFK0Kcy6tSp8eWRm0vfeVyV6lZKcnxaakqZ7lI4qTuNzKPQTIQ5KSYt6PO2f6tr2IPXcW99VdKBS89ODXPMxhwP2EGPdyxhGHiEEW7vpG0m8rAEkOwwzOSzr2fPxHmE2qVxcmMoUCEyxcHlYmJGRCl9hEDXFktu6pfdGBXhmLGniHvqfOi7Zpx02AkAyxEDu7k79qkm8tBNdR5vFgNvnflvVPUAm45G7vphVVQXo3KE5U3q2IPYGC8D13b8Y8uNmpeVU2EJUVDlx649uY5UKBiIuYx5s2w3zTxtFz4pQqOrsQBE2z5HjnXC6eZko0Z0oD0ruOcHam9krcWAJlLBxYXz7m7oRcLQ9BGcfBvIKgR0Z0Ogmgg78UjWHsnhdCTJ6Pli0Wga1sqFBaVRbkRhyNPLa6MweeVFb0Fv6spLj6knLzLcBY0HmYHVgJblTL3TqAvxAXOGGEfkMGmjZKMm9YiujtrFmjW2J74K8U9cJwrKYTLxctvKKNWfygz3KfJPMa9lQN7V88eF7gFipmKnsAnRwyObCCkvVnEjwJ0opIEZSNyrudOSsJSRCmxkM5bIyQSVsTiNOyVaxxHFrqK2dZT2fYXiBhxPiAHB0DPRmFOPpGjqOrVrybVXVw6YWMo7HJIhKEHMsoSvdq8l9t6zrOEPtSAma1ovIeTeh6bi5wk0gc5foGPNzVbgrQonDQStH7WIHt0rnipLAlShdXtZdipX5tK2ftQ6BzPsZyhTGZ21baIDaHPXe4103lRV7vO6UyfMhGToaVN7gFeusdakUlt4jvle2OVbMBm77ZSzhXHQtl4dvvv79k2GvqvPZbr7vvjqkBTuhoZa0sYLAeUFzcfeMvgmg1ZWGNyMoQZHU1oBI5xPTkVoLOpvzxcTRHKtdKarZxZihuKeZxpAISlKY7h33SglTjYlNG5shFW5dK5JYBmDQGf76bbG7j5ymMWVCBHFYAXt9A7Av2O2zkQM3KWQpvlrre4tIeUjiKN12CSKZEX65hZ9oDEFrLEJCUAxfTftyNzxD1YfG9hpFPJfXEGBaHygNp30t0hk9A4BCtqqVUPZUeLwR97EMbHcitDyDBxNAuMwXpBrgcBTgGM6C3xwzePNmFynHQUQKmUZpCSevuG6GUhHFhUJzDfBROwAI8tIrUPo3IFQxMlur0xLTl9k67wHvX6rvkHCLyYwwB7dnq8ICX1NCRW725Z63xWtb1m8nvKueSBkzRKFJg8QcrKhTihiU3ikHZyF9LqdHIX4BS56d4KY5AM2pBaAEDFyfGwchBeMKVfYYvj8dSoZQ6YroPwuYbF3NWcmo5G4DLWiNbJBf0I1caj0Y9a3mBpirzEKUJ0bKBVj7i5bpae7YHl9x7haLElVv78ISWq83GFDkAaDJapNbkclKymBC8m62g7aBQIkiSLo6odfwgBKiMNNFPybRMcd2t5OI34TQ253Nm8WlucXIkof79iJTqKd6S1uGyyZ5cPZugm8ERmAPYZQDAx4JPEIjGcNsP9VAhuEX8bozdGpSB3gEUQ7pyxxJ6WYCEulZpU3VOEDzYOcpBUkgGmEv8YSnzEpjDrjOQgDUwvobziDPyZR0uHdCsDaS5uw3mFJx7EEstxLVQhJYxhBjjB2V89iXJwQjVV12TQCGTpzVt7yMXI57eooojojMYxts7nlItuwJGrHPPz1vzG92EymWmKJe9Z5zLGQ2WCGNTQCTOfqRS6WKrZAVSOz06y12BSAE7oTRYFAuUzGgByn5pdHVrcd0PtimkiEqQT9YZhw8x6MdaXjnkWKvCekt8yp5DIAoOdsO4sOiq93Fy3ssf428fhIrlo2o2unX3lxVBNGuQFCvWtjWw92mOvzSCHKlghs4MlLthvvoJkfZAsrEIfVf4hw03L9pegihZf0ICeDqCPV8YkNzWyToaJIC1Z5IeDRY1nrKeg7qgqjb5capWaBGW0SlvnTdRCW7qqwk8WPmOueVeOLcobyJqAWaZmSCPEhtcqWQhPx2kXHSKTWPj3OQfApsZooXeIQsTw7Nw1zxCQTXcBx0TpSZ2BwXzcqR1KCgIFPS5NviiPqRzvOkPETskIgkkgP7wVhvaDR1KMESEpcl2CWqYjvc0OYY9eLZnoSDJB0unWacFxM7njOdSlmQhO6OJfLHhYlfQeho2oSAkanQWCXEWN6yFNf7CMoW1c9wuIMTtLE6COXNyHhTvvMPW9ER7qQfjsolHQMYotKDZ5D4dLg6R9qXunMjYbPppDScrFHYrXBbRSYHJfMBgYwHqToYomEI8qJNSB1Hrv31kY9Hz64sURt7HTQdlRqVXccS19srQytZyxkNCkPPcOQT1Wcy0U0yzvT0yVZz1MxKLHwzAhZzC9Bug4S3SDtgzJIIGEsIRh6jLvMt1hcKcpBGw17bGdcOM95EdCzfJQ6DWfNEguFdu6AU4fv4qhjsiTqigSwkRXliBtgSyTXu2s7m2Xx8IvAWYXS1Nyux0rbn1JgaAYGab1UTSlN90zGCOLKwzeqrCBaecLOsDzCPa8lrOsDEheMau4Sf5qtSI6qLXpE3TiNY7vBqrbWb9yVGJZnOzLxg9Ye5dRKL9MdDCI9946kl65pkOW1ndq6XG7ddTWBRXdTP8IHm8QR2C9duw5U8cyPXQSq4IPgsV5sSlpq41rilNra9a8WXCXqqg9sSs1oSafaydPoX6Xvj5glHEiwgFgABuz09Ctom0TqMGWMZFqbfki0ykmjbauJyiu1isbYIcedePT2Ph5wm4uoYWMdyIYG7kH6T4tbKhGaMV8vxADi8tJmofMfqAEDpnBiuFfUOO6n2oFelnDxEs1Sh5shPu1JjQRRYwwHBvPWTDuQDbV5gOEVckHYFs1GxWurftKbqeonm5uPeVYeuRUDvIcUJEnMxn3nwarfVtdX5goav5QHomHXU5JKtv3wHLWHBWrxCGddtxkP4gbszJB7eHPjQLqnECZG0aT8gudjb2eYfOfRyZV9rTu7LNZa5cViASWuycHn7cRU2lgoI0QpIyCgOPfFJEvsj4cZxfIoCYSVzbeyRvJIPi3cxdORoN3DL6ezMrcaw3eHioaUWQ2hw0LDZ7rcRMTf8xOjgSS3yDUR1BFlODxGGDETVD9zshS0tEz16qVBUC58vn4p0pgSpMRCIAp9TSVwm9Q1ITrT6HiazwmZSc03D2YRIbrzpe8aY2PqwOPS4zoVxuwtbhjzFoBJUdNsxHMDsDj5htaeWlznEw2mFcUCWthLprgLFRkQBKAnIi3jkhrw3VmHwozDmKZOi9ciTqTUqJYvNRxawc2XywjPBNR2mxMRGsHr6RoEW5m4XntjYcjgHySxAkMdEvPemIPQmweTjC0PcGejpEZtC1pD5ECqYTA3Iw3hfh7uyRhzFl09BaQR6Dhb9VmMiHMbIoXrcalIpC5MXAZWbYTBrxXDJjysZwk3ANMNfQBJUeUXx4B70SqhVUPz1v3a4tLGhK6qSRqBK0O1fd0ePgUVi6KcRJU7PxoDNMn1wivBxdG9QTGAuFfDmgc3yVDxTBZ6o68YBKDBqp21AD6p2xy9FlYyEgxKRn1YFeHf1LJKkom5cIc2HMWNodXpY7guaKB9sZQrwMZuHSiLHqycHMnSqNkdqob6RSvWs43gX8AN9VFN9Z8ra4QXG0IspMWZHSMgFfGzv80Hp3LtwrMZx783MWBuuvaT72sX1AyFNj0VM5OioLZLlLeNVOqtIvDcMg7Hc7rISUJXTMCFEB08c1su3m9SKzKtLDV2ePWL1eRwJlHCqGkaYavyMg9NWAYG1JWGGWiFWJDDCRngdvKLc4UMbMJd19BqeR39HBoFWPFBMnXOmB40luxCdfHgGkDPF9Ft4F0d4vYCXwusHMLW6KYvBphJiFGtzobKmLwGiRleDxUEC0mpYYuassIMxZ3Aux79Z7L80uJVS0Hi7SANfZzvovk7QB9ZzqZDZVGEgix58vK3c2Q3B5kuZlAn6Ez3iHwK1jKvg9HCQsaA0tt5794N8M2nyc9PdWoJZk9l5aiqR0PibTLre4s35nRUAJtuVzHlk7yfEuOeRYyzXKiKxM37EU1108ygUE4drppvRQ1YR4t4AtBNM72l8ifMdbFfitAehwevBlx5gAPmtrFXK2seb4cROoK31RT38EVGMn906htOCaFnoVBkgriNGzK6SVBn2hIIyyuMyVnkmrMb8NJNU1V55irnShl4wU78iom3iCghKTjFvk8BWLvBdM9Zzsfsfxsr0jJjNjhMtNERw6SO4MEIiOTnjUufdzfEuAFS0zbKTf95gEl4Hca0Z6x53wQ2yc5TrYMcWCEbQON6Zpepyl8SZIsHcUUlkGiVcTbJjpXqKWq84LVa8r6WlJCFwU9lHGV56rLOAKUlAMd6SNYsEhLAV5tvrovaL82a78L9mAk4cvcue2ahh7HXpcq1J61DlFTNyVH92blKF2eQplSWUAh7FKQ9IjvB8dHAUHdg7jHrLHSMxZYxoK2nhtHm8hCFNoF5xCtGTKaLYt94m0ld2d6HaIM0CRH6WvvOjtjfgfpf8eA7Y8jT6ipJNWhX0zOjppVuji71WLdY4rPLbs6pQXjQIIBgQOKcvt1K44AQ26aGjVinJWpNMBQyftWxyIakcMg30oZg5xUaEpl2SmXp9e9JuLAkBQKOUtE215JBPxulJa2TVhTCNhSe81VAnH2XkC2PHOC3pXrNy45wyqsdC6kUg6IpkaOVeGQBuDwR08qgGF0HAZc0Wz1bGcbYEpMVXVjGuECjb88u1G566RPFJQcEQDZCnduVpW5rmABZK41hdwuNZmne3Hc4a7xkrkWgQ4bt2B1PyaOmBWRZvNXZPlmKVgiYEqajopbn5akZrLDBgvWQ4LjjS0SIVvg7P0SJYlnMdZBylRH6NNKrEXvk0bJJPxnOiofkJvxXG1IJnFzQvJ5xHhmT4dMebnGkcrvI0gfQa4ijjC2BfOKBHD1dQaoe6y6yY2d5OVAhxVYuuYNHMwBmUL2gdYr43uppAzDFjyc7qjOlKHOz6iVfpu6vXMM7l2YHfdXkkLl4Mfw6vCxRpcD6EtMI6cZu7dZBINfrvTj13Kb6imuPeVkThVVMPc8tWuUJ0UF1HZpR6QsncnSrFE4VdapCVhNkNtNSRNReUnWeWnvOzuc0YJYhjUUphDUvjJSOHE0om2T4Jyql2S2Qef4F2jKj3Z6hI3md52GGJVT0kxXfAdvMK8tSMCNnTOxiCbVHGBDYnw6NQ0jdoPo5XmMuKaXYmG8gnDQiesTAYEdFEbuNrKvbadak5lV3yUhLCevpl09UZ3fjONnhOJRb9XyRyNQoFqEiSMmBU5aW0RhbgBhsR0aUCIsu0BIidGq4s0reOLjDYMmlvJ9Y9ydJSYFovPVIE55FDb0gLwFNiH5xaaNJsy58ZMeIB5rKUMI09CMEG1hLTTzlz7FSiX7BXyo83nNYXmjp96YFH7biMpwvGO38x5F56e08Vm8yrdhRNa1Zx4GZ3eXr1CXMjGIj62DOrTfZHqNFVmImFCbh1DwADIjDPDe8blWB7j4lKppexuYUTOKrdC24bfjuv4wXBNxp43WBbQ7hF4NBq0zVqJ8kPi4rOQ92EBUpe2xdNXSUEYmda0hnBnO7G9IeoNJHSSwa2IvR3KuH9Iu8OzrZzKMwOAAS0OvWLiSuFbnGsJ0NlKAQVS3H1rOIOZwHUGStGTSmgKIKrZBMxBoDWNJwLwJEAWgBHS2uNhDNLS0fYs3ezjGqFbXZJn8e3U0w8jKsAqaXCaLKV0M3bATwgErzdQr2wTZwd2C6vkCCFxzfdP3efmPwlOtdNQcH2CpQ7jKd5bZMe39CjQdhBnFPfbaQ71dKuL8otK7qTmjN22NGkAOPEA6cI2t3X30sPT9HsYWZam7ZVmvh0EG1FgiX2ZZHnYeme8e5vj5685nvAes2SNaHiUnesf2hWbj2l33nOWEAjBDNFVfpDwRhwAcf5EW7iuXYflzHHFDYx9OsB0XwrZUgKxOv9M88fwEmXxQ4lm8TL7d804VIMGiFKuf7s8wqxzSxyImYPvH8YK36kPuqijSIejTYiR6iuRTJlc3g6GHPTyrAhi2npwi2XMHUlN5gMXyMNDfhRK0CsI1waYLE4fPrw031rA3scU8jy8VFKcbdT6tgDhcYM18Bmfi6gn7dO1wFwNePEQDQFoS0CJbD70dBMBdGgWxYiSsFwTG88vzgksdjOOS2WJljesgNGBLvoYfn33TWopbw0gJdkJpvziLfiEQLHNOULvDKeuMHhDlUrP3vhCzTB1Pl1nRx5rmjuCk5zZyjZk1VNA5Szz6Uu80g7DnCHxcuaIq9X6pdDHjlj0mVRTu423hV1ByJ4Gu6F5HesK3CyftfB02p1KEixThluk1NLWQliGC9xhW60afuKCCSMKd13AfNx44Tg3WiA6IJP2y3VhBSPY5xaKeuK4NFWVFw37LdAjNof7mbrl3S7JzhGGIUo9oD5eQCbKFCHTW5faTggvi7XkA7b28Ddo3KjfzkBX4BZUU8at3zpqzgYokub7PhbdYTdHzk4TNaYKyMhvLyINzrBoT4Yg8275izDATA0lAUZ3gB4uAGF7KZSwQIWW4FgLAnBFs9BxDLJ2wS850U6cKrEGK21R4fLvx5pL9eGvMgSy73MklEaktwBXMydpUB0pxMaibo6G4A5XhVdMVtBmujQW5FEk3ktwNxZSIrK6lVkDptLjMGQfKUR4KHvL8yO9MqTfaAAwaBtiEgjtHZXdCLFXc5uQf5zhXM5a8hhPE9P5CSXhNyWDlihAqRvG7ELN0fOefcCnYwHFZ2BGrvVC1B0C0TWaNEQrcaZC40EvqfZMpBxztD6iXhg7yhylMmAN0cL9JhvIzBj9xuxJhLPUtwBUD4waHu9z3zTj9n6XHTBE4ZufJraHLLMgWfmuEUvaeN7rJ9pKoSyDFzCGklprPb3NB5dTTsUxWrS3Wp9MmJss4mjuhKJpEoETb6j8ap92nCn4h6ca7uDN9Gburs8MO1eiEGol7nsIKWO7U7vLjKm6lCW53sKSFmtgzPkl8nW9WQtUmO2UUBWp0ykdAvIVV2JQdASC7Ici8FqD1iuAnvWzKNzYDNUTCARlDsatZNr47ZRyiGzbfAEOVPRTxE0JcIdWlYneXW2BY2gcnzKHmm0GyYSXVxkwTtdqy9Rt2aE0JUJjsBjAkduljURhKKETP3o2es5WDeCRzyauXD3p3zaHLPaHYK518WXtGXo7kAuO4Ga1d75N68I0smKU9Cikjo8TYEgE6Z4Zi9VAvI7CiHTFfkH8HTAGJZlGbZefXlzTLsxRK9s6xJswn85pPIWEF08DrFLSY14ci6wjXcN4ocAMTI6yQbOhtAKcI4JlD1LEE7kKVPQekViFZWw8olJ3qVs3v5G6AFixsAyiqAGtvyqESTV4P6dUcMfLjIqUXO4XCQzmQX6jbqQidqxOtivYsuyC4qa89Ud4N8ySmfoqdrRqEfBpw8hH0ZNXTtHzM1ElOiwbMqm2V0EckdH0M5OCmwS9KOVRZa9CywbhVOdPgbtUUZGlthrL617BGkuDDaXblYIc3SibkpbJ8AL8gVt65exdzKjhq0mqiRD1vDNdQ5MFGd5tHr75g2Bx0kJeCHQoqZJdnYEKEi8Q2DL3LAUDK4G4ClR4rZSv4FQ9tBLSVMeEDbCTURSeAoSVG9PvXXVTiWNJtLWRtsIusQppH3PuMzfl5O9mkaub1mdI5s4hGPUt6PblcS0qZkY6t4knWK9jiQVXsIeoJvx4BgPJdjoNj5P3oUWZZDXyJucBp1TTUjABFFFy089QHZP9GPPGVjERZ01l14TROQOVCh09xycy42gIE0Nn6K9DvDhlqpwft5RERdXuoqfT0IdlMbWjvIevfynwuKBCv83P1A7C9NiT1HOd5ND9KQSckk83mOK5TVPnI1K2No548xmDAePnAraGxwn69V8HIhVewqmBH8jRtWRyZh5IhWMqfxxEahI9L7GzxWoD6A3UCVnIwZQlkIrHFYrip2CKIsoIW1Nho3SEo8WddA9cwdCvj54ELI4pACpMks1jhU5ShDqYOZX18mkiJ7TKpFmroexVcez9fYD4kva0EQvqL3ooruyO4AdzyX1YHQquKhYqEV6LSL75pq2qpmGbqKZdZGzkj7g6SfEbKvYQSLT8E2tn5U2RhMDhBPXMgmQUOFHgAaKv4dsP4MdLKdvkZbr4gk4WjJ2kTdYB7GPVV8RH9ucpybZfloxxiq52CqtQ223mQa04KRo7i3vP0ICC7oBmkO4Qfps4ThtGIPrbNFCvq1PsWhnbCJsAQA4SKPtYqWlOnyu3fUs4b7tXDASs4ddiYKXxsxslTjUVM5N4AEaISgJAcjLbaMQ0JhRMtTdB4OyiX431C2SlXBufypKYNH1LH8SPw5qKHBU1g4knwdOGJvwPtvPFObohlmSXl9fsNFrXk2gxfFZOXwAcP9wGMc52WN6rOVdaGrBAloynI3J48rP9HFioCeODajXyammqbzsKsERuw7ypmdmbc7bIR1O5aEfOAOtomfqv74uvbQ8X2ja0yd3VkpEtleIFZ8MQZOrupyQudeI8FlOcXe0V6Z7oeBpbbqKCexlZyQ05P688ebQcIwJQbVDWSqJAmhSnmViNhT5gQUDuMvFawbFdYFTzFqwksQw3KBs6SqXrutPvN2AiQ6YE98GeHybsAHV0u1kZFDhSif8NSV9k52NQmuc31MuifUvetKlDnZRdF5kCJ0cCEWjNHzHanr7e7SvsqUINRnyJMz9u13MOF8BSdZARywRcF2SxhmcDaP4RtfiNpGNCHCAJpQENywAIsiP0uVY3FVdEWq8s0riIKn00uzsDQrDj1VzwhfWXgpndyRCdEy87b7tkq33dJaRNa43urqpMRqejHasn9B2KLluIgZ2LwtXPAlhut0h4QD6ZNw4mjsCf6dmHby4kFTlgVQlHvMRx8tQfAMyMF6GIBQrYtxaOrwn2Oj1mGoywPaC8MfJFCPR59U4Ec80WwaZBBQo3269oHRcXhpywozz7BlbnYHLdrOLrRqmYcSJni8jFV3flqlDOXIqCgxX7SLi4NIuiKGPADiZ1LDDlrogWZ3Pom0NLK0R5v1JcDY9UBYdE3cB9gGAWoeQ6y7ZPxnTp7awSVVl6jfJNt73qNhZsBMCQs2sLJWuUite3WnHL4VM2vZTAwj3w4hK4Hmq8J7y1QlDlm4uTd6T1uHK0OXujM6lge80jOPczMPR8sbN9dO7Uu2eVTjJUDYKR0fvHy8oxI28YamrCarnD6eIzA3vGo0wSUHvuTaENZHlHnIcRyk77MMaoUh9hM6vhJfUjteuQKH1I7trgEbGEIo1KxAJMnKAX9hdaJgbKPZSEk86Xo0a0oIUHRok2e3RmiT30rpo7fcNLhIBvkVxFqC3xTuTFOHX3s5ufgzeZOzTFvLOgtolBiJBo4CXa8GVoxeHVfHjWacGyhNbFjG9hPUR5vfuBeFjgZxo5OvTl6uSkGQRLyEGY3j4QPfZcW04YyaoNcsDlHZlNdC9Bj2ZDuvTAtNCLb86eYspVLPgLwzbaXRgxEMMLyUfqZtDiYszVsP0Uh9D9sQMmouaU6FH0u3AROhbRpQsXPIDC2HuSyNXzPnuwMxIU6h9mz4dA1AEAwlv5A1cPcyeRyMbakNG6KWnSZXDyvO4fFLKee2pgYHqF9ZJ8HBSKOBzTDECOStVSHBiPDBPLsLbGEaMSDZsL7FRmWMXwzikcSnTfjL9qxNzcl2YHO4Boo3Pd1Xfvk8FdDie2hRzN9tXleGKh4ioK8r3vIkJtyxhvcCe2ftIqvUcEPziSzU6cizIwgDxSS3pey65tVuy7KRrxHO70TlDBMZzR9kHBulZf1Nh9hjsgwabPZh8kNKaUS4bBjSFFxrZg18r3r19xkQf76wBhAn2H3NZ5tkQF1iLuSyXbfFuP7fqg3OU5vFalMDGdHX9bZt1qkzLRWvZGP7SXH7jQm0JoaaA1Ihwu70JZAY2yXmU6iRDIEnjSBaIASerIGVWHMigWoENqnf8Q1ioBjiNtuzLilFEA7YlNY18mz0LOFWFsWVKoaFAV2i1RzZ58MDYqqocUuL4N6BID36nDVt8L20w0izoYob461hBTAXLbxnFAyJB5Nyc7ztGQh00yoTKe3Vf3gwIgLTjMpmsXk4ArtNsONriNdUulOQb8xo3BU53eTzejbMOFTApK3wUXa8SPBJfNfASPZF5q5m5pheIxsbOzQUW7tMqQjKIwCcOegt3aNJ7mD6UB5EGeepv3gd8LZ7WwkoBXp8ppd1T3HeV2iUtohz3PoCRW0fKXV5kus9itLfoKPHXYCKZQF7h5zK6IG44UMhsigHOqHj22xzORKk31Xh9RMtXhTntqf6ISvM2K6UwVhoQWgqqPlziGZ1I4Dzn7rwbmNmZDG9aOOY2PDRmlA159hg5zRiIJs15Zifl4ML7dZdxDEZKTT0nB7DblBNsqWrJ5DHyjia8IfoWiqf9rh37IlRIgI6hi6ID3obuvTs2SpyK8UX0uToNIphwlbMr2LDdh8Trivdl5zYZOTDGQkOBUJLcL0sk4ViqGN9rzGJVjpA6F0YuNhPHQMJUHG4PXirXOJPjTd3hCd2SksPeiLoDazkb5gL8K61jPeqHtBSEgqFMrqCK9DE13db12XD40UbqR8TqnolDwabnIbNj24LQRZbYyYhH9SyxC0Up7igUVWDNitcWQd74MdDlJArFcZtVHsCrcBkwfvMFysvz29pcdrsh85LUXpGSX20z1n31wJLtUhAPYLwvEWnOLVzY91ASPQzkISpzkDey9rkm9pPrv6UukkhY563GpfbWEjmmufjlgHFbpugZjj2Cc6UrRhKPENGCep4UBFLbxOp4pa5qcfOwcBvwHlrMuW9fUNOGPaNWVPXwD8AWlnMnmRc1l7arH9YVUncAFcYcXmwZM2p1ZHZ9JpCQ0qjhSo7W0Om7TKq9t1Dyqip77CAh76j85AX9oG6n2cWVMNYmORXQiO3mPZJljtHIJjFg8ZOFJkBbmNkPFR84E19vV8Uqxr70RUQPNasoqEFXTWYCLXBTAfGhaWqTvmO2KFQ5nttfVZK8M3WfHXQmKUXbk9WG1R4mC7UsQPAsH7MhZvlW0tKNmkI61u3eAprvkWdHdYQoo3bkuZuyQpTW88DfWuAyKZlRSOYj6nfdUuzRcokCig0AoMlnNptWhxyAJ70ZRwKHRM7qQ3zZFIyAcEPmEbzzJe4CeMnuWMThYFkQG01CBCZ9uSClFzz1Xm1rBYjvflLjJyyxhcy9QbBs2NY7rJBjn42xtXd1K9a1C9XyPNuI2fyzTUeZSOKaHo4R4LjVpaz2hbEXMBPeNvKYxYH7Gw7SrGlegnDTTZpGD8zgoxmtIQIUnMoktbxzMphgZoU5Is0tSHyP9ikBH6CtKf5awYiWEVn3Lw2JT8asj7LIp89Lzr9LhJgYT7EzG4N3xHosCOs0xdBaJAXg6e3EtzjqUa8MlZFaFha35EbLjaxCqGGSeg09dBuCrzEYiFVihXrSL4fKZhbA6bmsLmzn64uqij4IB2VJwnAtl3JrNtm10ca3gPQCUVxQjWHjpCBRKYiw7MgcziBgzxgWHGUvDuGaJOGroPXMUH41nAR3piqbf3FHzwmM311tAWDPEynSkCp9b99JGoxZjG2rLJKyCogWYH1FywpMziSB1bLIe53B1ESNHj8oBtQpgkkA3lKBVJhm5kOy33GXwB0lHAZuEEUWWUDbvc4n4DTK4KGHALu9CQzn2GDv791c7u5Gx6eZF7AYk78DblUX9qPjIu4jgn4W6TGPpARxkd4GromUcn1goDOhT6BfugGUlsVKGxJLSR4nIoDHpScgSY43VYUEyd9VBjoTSFayVkqLM9SE5kAaC4eLjaokHzqvt6Z6j6xogatu98gdRvj1HwToYK2d8pnpN89AjtyYa4wtK7to1y0zTNAJHBxew3L5cFFYO5BEFEmpRvVEkWouLipyxdRKFcnkfEO9x73ZeDJXGYBPkiOZJc7ZxlbpFdZxFQHLjaAXmCpUL96JqkjgeJ8L5onNeAKGCWAPQcx78GUj4dWB3S1ldrNIzQfNcHpFLJ0Asm87Lccei1StUxalEb5TlYcbq2rgjW9MKdDYtN2ohcBej17eoVoSvwy47K2pftPDXrFVLhetnplEcIjMz3jWpVzlspxIu4NFzgaSDxHKePqbdofpZahZG1tqm6nj9kijlokk9rtneBoFVeJe4Ah3zscqAodWa9jW5aNfCb4wJydOIaOipWtjombk5N4J46kQP96ASP4LFznct6tShCCAz6uuXslnW9ANffqBWKGwHWdCUSX6vCuyHXQYEXyRZzRZhcpmQ8yH1VEUAcgcXDH0lmj0coiT2gagYwY0CWu2GRklSg60l9MWXKjq6csddK0WUmIkpN9D0xPQEeFyZ0XBi6nhR6qx4xPIMRVkhLOXuTtxA07GWoJ8d3ldsbHbRjxDwWwey7LKrRNETTn4N1RckqUujTitdohs8pVoA42p0i92lktyzWS1LB4O2u2ZAEvb8l4MwRmBM0xRnoE7FQwdyYpGdzSnU4yt8u97I1zE3UcZCONCKY5sfX4FekbM48HoOHXaTfPUanGtvFiPOI1F8EezbgZEJIYzuJKeiLVXnQJThW1KNtMxfZ358zHgUKVoK2PFmGPvxdSNPZFyyR72cvKysGMNo7AiZ2EPAEvC0JCMc0pB727H5UJnWjz68hzNozhsyps47YPojyVmfmDRm8R6PigQArtP4Wo2XAgjhX7ICxKBtLOQ4ZZOm826MXp7YGnQD743Sf9Wia9iMlnghRXuSq79Xwp68SmIghDOBt1NQQiMmAfbA58w7LarRsE4jLXYst7c9feB7rnvvwZnYutMf3oXeJNM0QlILcZOldJz3jGiLb3YS2ywuXs2gbwKkOLRdy5KhHRwjzt6yovTTw7KV2P0ybBpSnRITGdHZ8730uh7DmNC1FeFvIht3OqKjCzHg6lZkTZytNHpBsh0zkWfajYhuXssjOPbNJ8JqmkQghxUCwKSOlpxiW7mFauRSQ8AFGSrXFl68nVhoMcO8a1N9FrLnuCifeOlJ2KqlrnbSl9j8DCBEeGRrHlEhsevcblWrteJJmKHgrVC00DkjARAdovektSuSPSmt852JaIaf9KoOT8nDRn8r7wKhaCJQDbvN4rz7XQ13cBrZivgkMpqFuq4jmJcXhKskviMuDzisQ9xxOEQdtGQws44yirFCyg6dfAVAMMHTIBpvjzwqdRFmyI5zWZA1odm0Gd4kDUDikAY8SDTLA4CLU7vheXalLHmew58YqkED0rofBcRVeKTetswbLvampvwwFjKJ2jSwFdOfgrbqyyWkIGNVC1eSPqcF6MGit0L8Xk7XqObnohyGhrGTaiTAxVeo6Z4IKAUEP3JqiZQ2QRoojq2UhTqV88i60sdtzxkkfzjLA8XgUMVofpaFvFmtTaLQcAhw0LuSuVk4kFDJxm4PSiuPj3jCHokm6pwCtxGJZx8OqnlEdC7ftZFr6WcNzpLQo30KO1zycNgDmIaobTnPl8bTJtPNkKd3nErjHUgRume1fe3EOpdUl9T728FNaGxre7kdSnMVRz06HigallZEzvH56qAQLwwMCfCWJ6dX48rOFvhuT5EABOTVM0p67zu02wKsraSvLdsqE9uoR8gzIJoUFt50eyKrnoC6lXNGSES5nFRqRj2wLBsX5KTAMzPCJyAuaNOfMCNJyP3wLj3dFZhkOaVZ5n9XLsuuEY9tiEbgOzhz6150COEn6AAIbS3D1bBV3U1SHmW60qsZFaiEyZk6AZsiKuVDuAGbdpzhww7sfmbs0eSOiCOWWkfixmzqBBEwS8aaXkYBUIFJ19sX8EYJFZlwwbPx5iNsi55QNtuRKboSLzxKDwgVTFFalqEGX1dOUIVYw8LVOdMxdzmSCKIX0oE13xCN6liJDCMqKyf8N1JdlcKzA0xYr60E8EfWTQhIHSmGZGNehAgpXXdCkaFfPLIuSNh86KKRMiZXZQHkZISNu12AT78woHto5ssMLy8ms2QPOB9Py4wwotAu0Bdkk4hKQGOkH7g1n2r4eIj3QWhgKx16eig8U2ApwoxJouoJyIR0sOrusQ7u5O54ky08IHNHxDwIlR7FqpQrLsw2mEaNg4lEWOTFffAx5zK34vxnmWa5Ng0pmebdIrFsdeyv7jUiI4i1srfonpVSnCCfj8R3hQKLw07oUTUBn3t49rYFrcxTer1tsO8EbA2oiIO31AfagspBBxJcpCdFaJiKcR1vQsZG1I0LYNzB4ToFnuYSDsGi80n0uIyg6mgz0SamU0aS3R7VroHcWJJwRtp0jZJGjMaSifMGtEaU0NIvUHdKmKh2k2bXNeAdyUsMR33Trj1d3JV2pNlRL39n7gv3M5N7AllN12rWid5TvQ8cfo9zdSJ2UBwT4upwu4pGmEIxm9Cl5fp2xiimhQT9qCRIA2Ym8xLMsND51Dql2mZQTTYxp5ioww3S5PkotmAox3MrnD39gwvupV37GxbBw9bkNRAv92krI7Cd6MFrNnm8AsAD4Sex23WUDIln2cMlNwhN3qi7oeo0RYYXZ6INuaBCoYChxzvCvAqhlo25irhWJkoap9ODUBgaEuWLeCyXnTOpEOc7gW10NkTALaN1poWHu9UxOFnuUz8se0EXoVxih1OYujQ6Q5i369IxNRncaTOVFmpWn5thDEokxaliQOeJtCoffZdE6DEkXbumcMgX3cY74M5STy89GTgyp1J9mwjgk21QuhP9A1UkEJXO9DpxXyNzPV4E9CW4kwoAbWM1luTycTyEj0JOutbTlj2dEKo5Ge1w36MsiDiqeC5RGFqdUqdoq3GEjtqqgV4m3Lvoauh0NNZoDmwP3Hlo0skHZDIeONtBwDKGjoLrdGab5wWCU0Di2mhgMQHEUU6buNiBBUrjNTxw9vIxEBjvlPBRRg3Mv0yrmVMLLQHrANS9tLdGtGGLR2oAfqMjNFJueA5NQBWgeMvxnI2CIWyhGBqa78Ib0i6gAqNvUvGUPkiVdc53kqIPRike2b8o4DSIgMemTlz3tD5umh4vXypcvSwxQ6s8wP7a9W4ovHJgi4Wws0bhFsud9pXNvw5Tycn2bXpGnwHFj9MZJVebVS2XwZk6rT5AFXlBWInb2sMZMXa38aR05FlFSFfgue39OzLNMM3yKNDPf9CKINoyKehoY1wuhLz7wtrCMZGfvPHGtBvkbQKMBIUjKmd6RuyNHL2eNYvpKb19jddbXlDx4rPhe23BvHxuAyZHzdGyOqGnfxsC7SFqZFBB7BHZphoHFu0th4oDMgxeF48voezif5ZgL9VhTI0W66ZOKpZMDvq4QUPIz4qKSNYRPxjaf3LHP2vxxMnKwktK7hcZvZSjR9Id8niKGamU1ueI3YDUr9h1vobvVml8DAoc5IEtHk8oe0PQ9tbynxB5ujAshgH3fw9kr7AAlhQiqIau49oUWC0egEK1Hn4nLFkdvBs9dUGccBOKxEKZBMjc0BCCT94sX7YjGMRDKDKtFdEyBDz1IYCLwRWDNiodTtGXnmkCslrt34qVWRrfphAhTekp9jneiTa4j4NhpQ3w1nnAK87YnQ0icYLDX5O5Vj0gapFB3X95oOtaoofbCypwoVg0lrg32WWfpcwF2LGgELNdSFFWt4CXoyc7VsK7YK53GnlgBt6mbU8XNHMpfm8XWcssVWowAJOEZIJjnvY8to1ifizLY8950WhH1ML80cfC18fDX4NTEVN3iaUr21GhXWzkH4TNRJLx1LYDQs5JMUvwKLRwkJAZOzd22o7USYbsYDf7u0SffZ3jOx9ArAhnt9Fa1F9opmZZEajtC9qPRJDhNprjlxXZo8uXfyjhUbjm3Rg2zx04Lk8T59FIViIZLfLU8gc1372vMHAh0ndHtPjfGsv0agBtjtTkn2iQSIcr8skwdymGDGXgGqwLQ8vyqpoRT9xlSDyxmbBEsRvMteNLoSSulepqUs7YCTOpDW0GOlCLmAp3NMSKJNa8u8WndksQWBcTE8ELSGi2THwmwQXLj5QNPiqJBqVfjdAa35TYbhS2cAKqQ1OCW3aPrjzSlHiLKeGAtPpCU5BAk0dMScgTQvdbyxnKbJshPJeqJ2CDyvZ02NGYuxKG82MbZARuh0hKQh044PL6k2PbfXGzZCsdFqi06ODv9boI08lv5x6AMcJvV7rWgCZGD96A2KaC6mK3QNTAYnV4o03x4LgZtRIdUE6xKxESCW46pC5JxqLpxMeLYzJA1il6qk7gw37lc9asKceTTtyO8jdFp9pwuQqpdkgm4woKYXTgruX4W6OvBlMcUerGqZDUFC6dBdTkOuAS7FibvydwqCuL3ntWvRJWldqCaLJO5fe87wN3D0vc1h6qt4rPSc5AZSqpXi147adkjoHwz6FOvQwBN6MVUzUFWtI0mgL3ao1LjfBuCeDaRriNIFeeuaHtj2YMOV1HHm0JbVL7xrH14wydVN30ejmxWq6OIndYyEb8CAxStQN6JOVU49gy00l4b4qRD73TdsMw8mBOosr89ZOfpfIvDqNJnENgD2sXlaq7R5lBKMx4Xz3NwoosEWxR9Seab3DNVaygAAmjrjZ0LNMDtBTeUmghBp5IGhFOMxzUiaFiqNRRWfdbpiE85eLHHnvpWcWVwiGN6tty5ftsahD03WlYg135jZFXpRsId8HyGGHI8yAZRdWszuBJrZVPGYhjgJyzhaSNevFkAv3DuxXuBbTfsvlFOnQDRvBMeTKUueokLnEpht2D17c2bfgLemRi3vv5LNnedmcNAlOEVwpCvHtDUInzKpCCjgCtwaXxqc6hMk3KPs5aDxLzALgoS7wL8Y9Au0EAYyqZlEJ0IrRfQwv5yHO3VwXksFQI8kI0wvyEkzkfJbtu3q6bmUcN1J2X6PZLo87XoNXrOs6c9PbG5PoxF2myrWdid33I5MLOYUULphfhkB4eTh2Shc84Vh2dBXEtwBi5XJIzqCSykw6wyuHoUYysqChgziyCPUSoX77dnG6l4EvFseg5yxOdCr9G0xT16Gymi1noQ664WHVwcETZX1HdDzzLQJizsAp5nHgDXEAJShzK97LzcHLBvDtWU33nhVEewSqGRiKJkCUHwWYZcxCakSwbcqnOaGoUNqafc47e3HuUSYH4N4S0KOdvB8El06tIHLy57BoZAUcYO5tp6iaxoLsZSfNaYcAFUwDLMixqeRkrsIdAfPxetrUpQChoGCoNFYfdyZQpAq77eyxVU0Nmg5sSG0norMR8LzrF7S8QhpY1sfLtRtyY9BB9ZgXFhDBFKkGXMXUjemVTaAoSllOrrwOXCT2rPQJJoIVWDWCV5uNmv6Cose21L6d2rLSSYC3gPceF3BVPfz9SWj6g59ANyE00BHwS15RBvVqnXhma0SoPIG3DTJpDzcXJ6XjEtRrTjuTUFvuJSymRIFCxtMMxXUmZokCz5s9ppcZxNnCVaa2zZwvVo19BmJ6lBLVyO9VGwZUTKKmtmT5qGHVDW7XcvGHnNXRB1tDbax8wccVpRhlSxKHA3EFPWLn495DtchYNJLNOUMRQm6o62iYEx6v4UGmPFw1CONVXofoV61668qaJ6jvSoLhwfUYzev3pjvsw59EebAFhyzWvJmJAlTxJqFFfVj0DmkVTa0CpqeI5GLL4Aa84W5Oh2VWCgG20SGEMODCJOftfozt5CoCmcxWs6QDDw2Tra9Tsui90NPEQlO7YKnJiauhaSMfim1YQXi0fg1lNJLuJKLd98si3nt3I9r6HRHL38tnWR1bjzxH6PMxgysbivWgiAGO9Ovo6MV8MhAK19mUQGEJVgrTXsO9CAVivU0HzvIEeZwFDBWp5v4zv11JBKv9eNMoOdd1pqr9mtXnMMPAIpJWcvuUgbYys7tRVUdKn1a4PFgnftzgm to localhost on port 9000
Full contents sent:
abcdefg
hijklmnop
1234567890
9876543210
lfcCEGDr9AwJ0wiI2dg4jMocKvbnVWXJ9eNuf5UbDArpt9ga9sqJnc2TwRQe0lQXarCHJjgb7TBuB4Cb9Bk2UFj8f7ZXJpwRm5PF4H26B8td40Tm5itE0rTp4xFXxyMbwOtCb23QKG6DywAsyfnyXSFDsmymwaQ9oR8da5kpabpjNmL9QvLJXiw9K0O7TBCvtcudqEvPgW65pseDmjQpdOdjBaAXqxZtcMUM8ButiII9YKGapi2Awh79BmcchvT9P8Fau6co2z1znLDQnQSlHN4qKQDu5JlE7yYiuZJRsSdja4Q6cSiL9Dxq2FhUP5R3aY1gtCzXcI4tksOzhVgrXvmhmY4ua82sji7xu2dqaQdIjrqCBMHmcDGyv4ZfObEapKzNXoC4c11BYMzT0onBR1cZMRDPwo97VPBKoxE3aKxwsdw6IXcJAY8TFtw97O6yLFMEn2niAm2FOWDYKh0UqmKVjrdwvEXJMAFyAISWwtREm7lmXAFcR5tHYPFLxXdnyFDQ0l1Q0WO91NgvloH31NUQdHDlMTLfk08dJ6i9RtzhuuQBAJOWc3rfpMsgt0SI1vLRVoekizTGtHlqak2UoWdmv3HMAXUn47RQio3et1Cu1TOD02mAsjllhaLk6zf9oBHPLJyzGcwv71MaM9VfYj1fEDmNWruSqDT6f9skKxpOyr96ThjZoleylRbczoStHVSkPigV8vu89jqFN9hI6k0dT6Hs8ltsODlm830Ptqet8V8fmUNDgfZh55RasY6Dn2HFDoMlcWi80uEs2FqqjunQQCrhegn8zHBCj6FpVMfkMiYJzStKeT72SdAJfsgL8EeAq3zo1rjTaNqRRay8W1Kgu0Ot5JipQhR2mbL2QsU220XNjWwBq6NITy8vAL1pCVjSFzRyAtQIQAt4r418XPhlJGDKlzjMdjftkVvMy1vxsfqTSmmJ939PIbUr5kN2KSqrgkdrU4ijZebv48Rc38nIzDm4rcC9zrduguBW1eCCI2XLS3ZXEu2JJNt938GHshtOrYngvP24srUAlz1Fq4JtK53HObMrzvTQxJxB4Pkd9WZixiMZUHtOeOAsaqWd7VSrICufIvgBgEEPVUSRfoglb4U7GjRjDWiS0zpDudaul7rVUXIiGJ70t0eywEGZqXTltLk7knURJVY4tvtKdhx3vtT2nH7uYxLYqfXhRtd1yMfkYhcUeWgOfo2vqRwNmHSf6dhB4udIyGrBOc9yaVZ0KQCaU8FMoNUykufO0OCFK61JzAtSPJ60t5a8CoXj4ktf1zS5XAhAlhWZ4ZJMTMnLxCQ8TK2AnM1Mrxil9jF75OcmTVw6HS0NNLxzcItG2Gq3PnhSauE9620HmGQKVpp7rQAqTeUb8Cm2KcABC7kZLH8qcPgkPtcvToEvfv53CggciU3aidqVPxu1vRsx389ASiFQPOoRebN3xhrAukkNvvCWklvsrT1NCfgoEGHJgr7n95RFn8VWQ4a3bIKUYViqGcslVOUdDU0TOBBzZedKs1LjrGXDnEWyMWP3SK5uXFjRraNS394EY8aUOxireOHOxPBha9ccu839deG93xvMUxFLfnvnnNFTf7rxAEfzntxUPbnpeNzQEYI6WlzduRjITzekQJpX4xAU5M8CfgkdZl9E9zVgAqblsenq65EDkWqg21uafuXEOyRausifYvutU0lwFJ2ztlJgeoFNK5dKljsFc7qr5Yr6bdmMyFXLkS2q0pUtXX4wOlws5OR645HlvbJRcrhwaGiFFKvxm138cUYHNQdgxmDRRykT0IOkBKwBN7IZa4F8IPYWfrQdgTqTVQOAmHiwA5hSAPkFKDEm2nluntLabIP2nWGEo4zfjpckXyD9yzzoYZh0ofVCzUmAu3ShfIiazwiS8oE0h2D4Kb7JjQU69hczjjqC6rCz7ECW7cVvIRtqNZHhkDvxKBfvncqrY2cUx1gWjpRtv1kfimbh6mqnIahb8WQNxicVma0LVLQ3QqwzP0MX0NYibzjfzJ6BDQqmYuH5ExVnn3cBZsx0sgWnxd7WXDfYKcfaYMYysAFGvbkFYSFK0Kcy6tSp8eWRm0vfeVyV6lZKcnxaakqZ7lI4qTuNzKPQTIQ5KSYt6PO2f6tr2IPXcW99VdKBS89ODXPMxhwP2EGPdyxhGHiEEW7vpG0m8rAEkOwwzOSzr2fPxHmE2qVxcmMoUCEyxcHlYmJGRCl9hEDXFktu6pfdGBXhmLGniHvqfOi7Zpx02AkAyxEDu7k79qkm8tBNdR5vFgNvnflvVPUAm45G7vphVVQXo3KE5U3q2IPYGC8D13b8Y8uNmpeVU2EJUVDlx649uY5UKBiIuYx5s2w3zTxtFz4pQqOrsQBE2z5HjnXC6eZko0Z0oD0ruOcHam9krcWAJlLBxYXz7m7oRcLQ9BGcfBvIKgR0Z0Ogmgg78UjWHsnhdCTJ6Pli0Wga1sqFBaVRbkRhyNPLa6MweeVFb0Fv6spLj6knLzLcBY0HmYHVgJblTL3TqAvxAXOGGEfkMGmjZKMm9YiujtrFmjW2J74K8U9cJwrKYTLxctvKKNWfygz3KfJPMa9lQN7V88eF7gFipmKnsAnRwyObCCkvVnEjwJ0opIEZSNyrudOSsJSRCmxkM5bIyQSVsTiNOyVaxxHFrqK2dZT2fYXiBhxPiAHB0DPRmFOPpGjqOrVrybVXVw6YWMo7HJIhKEHMsoSvdq8l9t6zrOEPtSAma1ovIeTeh6bi5wk0gc5foGPNzVbgrQonDQStH7WIHt0rnipLAlShdXtZdipX5tK2ftQ6BzPsZyhTGZ21baIDaHPXe4103lRV7vO6UyfMhGToaVN7gFeusdakUlt4jvle2OVbMBm77ZSzhXHQtl4dvvv79k2GvqvPZbr7vvjqkBTuhoZa0sYLAeUFzcfeMvgmg1ZWGNyMoQZHU1oBI5xPTkVoLOpvzxcTRHKtdKarZxZihuKeZxpAISlKY7h33SglTjYlNG5shFW5dK5JYBmDQGf76bbG7j5ymMWVCBHFYAXt9A7Av2O2zkQM3KWQpvlrre4tIeUjiKN12CSKZEX65hZ9oDEFrLEJCUAxfTftyNzxD1YfG9hpFPJfXEGBaHygNp30t0hk9A4BCtqqVUPZUeLwR97EMbHcitDyDBxNAuMwXpBrgcBTgGM6C3xwzePNmFynHQUQKmUZpCSevuG6GUhHFhUJzDfBROwAI8tIrUPo3IFQxMlur0xLTl9k67wHvX6rvkHCLyYwwB7dnq8ICX1NCRW725Z63xWtb1m8nvKueSBkzRKFJg8QcrKhTihiU3ikHZyF9LqdHIX4BS56d4KY5AM2pBaAEDFyfGwchBeMKVfYYvj8dSoZQ6YroPwuYbF3NWcmo5G4DLWiNbJBf0I1caj0Y9a3mBpirzEKUJ0bKBVj7i5bpae7YHl9x7haLElVv78ISWq83GFDkAaDJapNbkclKymBC8m62g7aBQIkiSLo6odfwgBKiMNNFPybRMcd2t5OI34TQ253Nm8WlucXIkof79iJTqKd6S1uGyyZ5cPZugm8ERmAPYZQDAx4JPEIjGcNsP9VAhuEX8bozdGpSB3gEUQ7pyxxJ6WYCEulZpU3VOEDzYOcpBUkgGmEv8YSnzEpjDrjOQgDUwvobziDPyZR0uHdCsDaS5uw3mFJx7EEstxLVQhJYxhBjjB2V89iXJwQjVV12TQCGTpzVt7yMXI57eooojojMYxts7nlItuwJGrHPPz1vzG92EymWmKJe9Z5zLGQ2WCGNTQCTOfqRS6WKrZAVSOz06y12BSAE7oTRYFAuUzGgByn5pdHVrcd0PtimkiEqQT9YZhw8x6MdaXjnkWKvCekt8yp5DIAoOdsO4sOiq93Fy3ssf428fhIrlo2o2unX3lxVBNGuQFCvWtjWw92mOvzSCHKlghs4MlLthvvoJkfZAsrEIfVf4hw03L9pegihZf0ICeDqCPV8YkNzWyToaJIC1Z5IeDRY1nrKeg7qgqjb5capWaBGW0SlvnTdRCW7qqwk8WPmOueVeOLcobyJqAWaZmSCPEhtcqWQhPx2kXHSKTWPj3OQfApsZooXeIQsTw7Nw1zxCQTXcBx0TpSZ2BwXzcqR1KCgIFPS5NviiPqRzvOkPETskIgkkgP7wVhvaDR1KMESEpcl2CWqYjvc0OYY9eLZnoSDJB0unWacFxM7njOdSlmQhO6OJfLHhYlfQeho2oSAkanQWCXEWN6yFNf7CMoW1c9wuIMTtLE6COXNyHhTvvMPW9ER7qQfjsolHQMYotKDZ5D4dLg6R9qXunMjYbPppDScrFHYrXBbRSYHJfMBgYwHqToYomEI8qJNSB1Hrv31kY9Hz64sURt7HTQdlRqVXccS19srQytZyxkNCkPPcOQT1Wcy0U0yzvT0yVZz1MxKLHwzAhZzC9Bug4S3SDtgzJIIGEsIRh6jLvMt1hcKcpBGw17bGdcOM95EdCzfJQ6DWfNEguFdu6AU4fv4qhjsiTqigSwkRXliBtgSyTXu2s7m2Xx8IvAWYXS1Nyux0rbn1JgaAYGab1UTSlN90zGCOLKwzeqrCBaecLOsDzCPa8lrOsDEheMau4Sf5qtSI6qLXpE3TiNY7vBqrbWb9yVGJZnOzLxg9Ye5dRKL9MdDCI9946kl65pkOW1ndq6XG7ddTWBRXdTP8IHm8QR2C9duw5U8cyPXQSq4IPgsV5sSlpq41rilNra9a8WXCXqqg9sSs1oSafaydPoX6Xvj5glHEiwgFgABuz09Ctom0TqMGWMZFqbfki0ykmjbauJyiu1isbYIcedePT2Ph5wm4uoYWMdyIYG7kH6T4tbKhGaMV8vxADi8tJmofMfqAEDpnBiuFfUOO6n2oFelnDxEs1Sh5shPu1JjQRRYwwHBvPWTDuQDbV5gOEVckHYFs1GxWurftKbqeonm5uPeVYeuRUDvIcUJEnMxn3nwarfVtdX5goav5QHomHXU5JKtv3wHLWHBWrxCGddtxkP4gbszJB7eHPjQLqnECZG0aT8gudjb2eYfOfRyZV9rTu7LNZa5cViASWuycHn7cRU2lgoI0QpIyCgOPfFJEvsj4cZxfIoCYSVzbeyRvJIPi3cxdORoN3DL6ezMrcaw3eHioaUWQ2hw0LDZ7rcRMTf8xOjgSS3yDUR1BFlODxGGDETVD9zshS0tEz16qVBUC58vn4p0pgSpMRCIAp9TSVwm9Q1ITrT6HiazwmZSc03D2YRIbrzpe8aY2PqwOPS4zoVxuwtbhjzFoBJUdNsxHMDsDj5htaeWlznEw2mFcUCWthLprgLFRkQBKAnIi3jkhrw3VmHwozDmKZOi9ciTqTUqJYvNRxawc2XywjPBNR2mxMRGsHr6RoEW5m4XntjYcjgHySxAkMdEvPemIPQmweTjC0PcGejpEZtC1pD5ECqYTA3Iw3hfh7uyRhzFl09BaQR6Dhb9VmMiHMbIoXrcalIpC5MXAZWbYTBrxXDJjysZwk3ANMNfQBJUeUXx4B70SqhVUPz1v3a4tLGhK6qSRqBK0O1fd0ePgUVi6KcRJU7PxoDNMn1wivBxdG9QTGAuFfDmgc3yVDxTBZ6o68YBKDBqp21AD6p2xy9FlYyEgxKRn1YFeHf1LJKkom5cIc2HMWNodXpY7guaKB9sZQrwMZuHSiLHqycHMnSqNkdqob6RSvWs43gX8AN9VFN9Z8ra4QXG0IspMWZHSMgFfGzv80Hp3LtwrMZx783MWBuuvaT72sX1AyFNj0VM5OioLZLlLeNVOqtIvDcMg7Hc7rISUJXTMCFEB08c1su3m9SKzKtLDV2ePWL1eRwJlHCqGkaYavyMg9NWAYG1JWGGWiFWJDDCRngdvKLc4UMbMJd19BqeR39HBoFWPFBMnXOmB40luxCdfHgGkDPF9Ft4F0d4vYCXwusHMLW6KYvBphJiFGtzobKmLwGiRleDxUEC0mpYYuassIMxZ3Aux79Z7L80uJVS0Hi7SANfZzvovk7QB9ZzqZDZVGEgix58vK3c2Q3B5kuZlAn6Ez3iHwK1jKvg9HCQsaA0tt5794N8M2nyc9PdWoJZk9l5aiqR0PibTLre4s35nRUAJtuVzHlk7yfEuOeRYyzXKiKxM37EU1108ygUE4drppvRQ1YR4t4AtBNM72l8ifMdbFfitAehwevBlx5gAPmtrFXK2seb4cROoK31RT38EVGMn906htOCaFnoVBkgriNGzK6SVBn2hIIyyuMyVnkmrMb8NJNU1V55irnShl4wU78iom3iCghKTjFvk8BWLvBdM9Zzsfsfxsr0jJjNjhMtNERw6SO4MEIiOTnjUufdzfEuAFS0zbKTf95gEl4Hca0Z6x53wQ2yc5TrYMcWCEbQON6Zpepyl8SZIsHcUUlkGiVcTbJjpXqKWq84LVa8r6WlJCFwU9lHGV56rLOAKUlAMd6SNYsEhLAV5tvrovaL82a78L9mAk4cvcue2ahh7HXpcq1J61DlFTNyVH92blKF2eQplSWUAh7FKQ9IjvB8dHAUHdg7jHrLHSMxZYxoK2nhtHm8hCFNoF5xCtGTKaLYt94m0ld2d6HaIM0CRH6WvvOjtjfgfpf8eA7Y8jT6ipJNWhX0zOjppVuji71WLdY4rPLbs6pQXjQIIBgQOKcvt1K44AQ26aGjVinJWpNMBQyftWxyIakcMg30oZg5xUaEpl2SmXp9e9JuLAkBQKOUtE215JBPxulJa2TVhTCNhSe81VAnH2XkC2PHOC3pXrNy45wyqsdC6kUg6IpkaOVeGQBuDwR08qgGF0HAZc0Wz1bGcbYEpMVXVjGuECjb88u1G566RPFJQcEQDZCnduVpW5rmABZK41hdwuNZmne3Hc4a7xkrkWgQ4bt2B1PyaOmBWRZvNXZPlmKVgiYEqajopbn5akZrLDBgvWQ4LjjS0SIVvg7P0SJYlnMdZBylRH6NNKrEXvk0bJJPxnOiofkJvxXG1IJnFzQvJ5xHhmT4dMebnGkcrvI0gfQa4ijjC2BfOKBHD1dQaoe6y6yY2d5OVAhxVYuuYNHMwBmUL2gdYr43uppAzDFjyc7qjOlKHOz6iVfpu6vXMM7l2YHfdXkkLl4Mfw6vCxRpcD6EtMI6cZu7dZBINfrvTj13Kb6imuPeVkThVVMPc8tWuUJ0UF1HZpR6QsncnSrFE4VdapCVhNkNtNSRNReUnWeWnvOzuc0YJYhjUUphDUvjJSOHE0om2T4Jyql2S2Qef4F2jKj3Z6hI3md52GGJVT0kxXfAdvMK8tSMCNnTOxiCbVHGBDYnw6NQ0jdoPo5XmMuKaXYmG8gnDQiesTAYEdFEbuNrKvbadak5lV3yUhLCevpl09UZ3fjONnhOJRb9XyRyNQoFqEiSMmBU5aW0RhbgBhsR0aUCIsu0BIidGq4s0reOLjDYMmlvJ9Y9ydJSYFovPVIE55FDb0gLwFNiH5xaaNJsy58ZMeIB5rKUMI09CMEG1hLTTzlz7FSiX7BXyo83nNYXmjp96YFH7biMpwvGO38x5F56e08Vm8yrdhRNa1Zx4GZ3eXr1CXMjGIj62DOrTfZHqNFVmImFCbh1DwADIjDPDe8blWB7j4lKppexuYUTOKrdC24bfjuv4wXBNxp43WBbQ7hF4NBq0zVqJ8kPi4rOQ92EBUpe2xdNXSUEYmda0hnBnO7G9IeoNJHSSwa2IvR3KuH9Iu8OzrZzKMwOAAS0OvWLiSuFbnGsJ0NlKAQVS3H1rOIOZwHUGStGTSmgKIKrZBMxBoDWNJwLwJEAWgBHS2uNhDNLS0fYs3ezjGqFbXZJn8e3U0w8jKsAqaXCaLKV0M3bATwgErzdQr2wTZwd2C6vkCCFxzfdP3efmPwlOtdNQcH2CpQ7jKd5bZMe39CjQdhBnFPfbaQ71dKuL8otK7qTmjN22NGkAOPEA6cI2t3X30sPT9HsYWZam7ZVmvh0EG1FgiX2ZZHnYeme8e5vj5685nvAes2SNaHiUnesf2hWbj2l33nOWEAjBDNFVfpDwRhwAcf5EW7iuXYflzHHFDYx9OsB0XwrZUgKxOv9M88fwEmXxQ4lm8TL7d804VIMGiFKuf7s8wqxzSxyImYPvH8YK36kPuqijSIejTYiR6iuRTJlc3g6GHPTyrAhi2npwi2XMHUlN5gMXyMNDfhRK0CsI1waYLE4fPrw031rA3scU8jy8VFKcbdT6tgDhcYM18Bmfi6gn7dO1wFwNePEQDQFoS0CJbD70dBMBdGgWxYiSsFwTG88vzgksdjOOS2WJljesgNGBLvoYfn33TWopbw0gJdkJpvziLfiEQLHNOULvDKeuMHhDlUrP3vhCzTB1Pl1nRx5rmjuCk5zZyjZk1VNA5Szz6Uu80g7DnCHxcuaIq9X6pdDHjlj0mVRTu423hV1ByJ4Gu6F5HesK3CyftfB02p1KEixThluk1NLWQliGC9xhW60afuKCCSMKd13AfNx44Tg3WiA6IJP2y3VhBSPY5xaKeuK4NFWVFw37LdAjNof7mbrl3S7JzhGGIUo9oD5eQCbKFCHTW5faTggvi7XkA7b28Ddo3KjfzkBX4BZUU8at3zpqzgYokub7PhbdYTdHzk4TNaYKyMhvLyINzrBoT4Yg8275izDATA0lAUZ3gB4uAGF7KZSwQIWW4FgLAnBFs9BxDLJ2wS850U6cKrEGK21R4fLvx5pL9eGvMgSy73MklEaktwBXMydpUB0pxMaibo6G4A5XhVdMVtBmujQW5FEk3ktwNxZSIrK6lVkDptLjMGQfKUR4KHvL8yO9MqTfaAAwaBtiEgjtHZXdCLFXc5uQf5zhXM5a8hhPE9P5CSXhNyWDlihAqRvG7ELN0fOefcCnYwHFZ2BGrvVC1B0C0TWaNEQrcaZC40EvqfZMpBxztD6iXhg7yhylMmAN0cL9JhvIzBj9xuxJhLPUtwBUD4waHu9z3zTj9n6XHTBE4ZufJraHLLMgWfmuEUvaeN7rJ9pKoSyDFzCGklprPb3NB5dTTsUxWrS3Wp9MmJss4mjuhKJpEoETb6j8ap92nCn4h6ca7uDN9Gburs8MO1eiEGol7nsIKWO7U7vLjKm6lCW53sKSFmtgzPkl8nW9WQtUmO2UUBWp0ykdAvIVV2JQdASC7Ici8FqD1iuAnvWzKNzYDNUTCARlDsatZNr47ZRyiGzbfAEOVPRTxE0JcIdWlYneXW2BY2gcnzKHmm0GyYSXVxkwTtdqy9Rt2aE0JUJjsBjAkduljURhKKETP3o2es5WDeCRzyauXD3p3zaHLPaHYK518WXtGXo7kAuO4Ga1d75N68I0smKU9Cikjo8TYEgE6Z4Zi9VAvI7CiHTFfkH8HTAGJZlGbZefXlzTLsxRK9s6xJswn85pPIWEF08DrFLSY14ci6wjXcN4ocAMTI6yQbOhtAKcI4JlD1LEE7kKVPQekViFZWw8olJ3qVs3v5G6AFixsAyiqAGtvyqESTV4P6dUcMfLjIqUXO4XCQzmQX6jbqQidqxOtivYsuyC4qa89Ud4N8ySmfoqdrRqEfBpw8hH0ZNXTtHzM1ElOiwbMqm2V0EckdH0M5OCmwS9KOVRZa9CywbhVOdPgbtUUZGlthrL617BGkuDDaXblYIc3SibkpbJ8AL8gVt65exdzKjhq0mqiRD1vDNdQ5MFGd5tHr75g2Bx0kJeCHQoqZJdnYEKEi8Q2DL3LAUDK4G4ClR4rZSv4FQ9tBLSVMeEDbCTURSeAoSVG9PvXXVTiWNJtLWRtsIusQppH3PuMzfl5O9mkaub1mdI5s4hGPUt6PblcS0qZkY6t4knWK9jiQVXsIeoJvx4BgPJdjoNj5P3oUWZZDXyJucBp1TTUjABFFFy089QHZP9GPPGVjERZ01l14TROQOVCh09xycy42gIE0Nn6K9DvDhlqpwft5RERdXuoqfT0IdlMbWjvIevfynwuKBCv83P1A7C9NiT1HOd5ND9KQSckk83mOK5TVPnI1K2No548xmDAePnAraGxwn69V8HIhVewqmBH8jRtWRyZh5IhWMqfxxEahI9L7GzxWoD6A3UCVnIwZQlkIrHFYrip2CKIsoIW1Nho3SEo8WddA9cwdCvj54ELI4pACpMks1jhU5ShDqYOZX18mkiJ7TKpFmroexVcez9fYD4kva0EQvqL3ooruyO4AdzyX1YHQquKhYqEV6LSL75pq2qpmGbqKZdZGzkj7g6SfEbKvYQSLT8E2tn5U2RhMDhBPXMgmQUOFHgAaKv4dsP4MdLKdvkZbr4gk4WjJ2kTdYB7GPVV8RH9ucpybZfloxxiq52CqtQ223mQa04KRo7i3vP0ICC7oBmkO4Qfps4ThtGIPrbNFCvq1PsWhnbCJsAQA4SKPtYqWlOnyu3fUs4b7tXDASs4ddiYKXxsxslTjUVM5N4AEaISgJAcjLbaMQ0JhRMtTdB4OyiX431C2SlXBufypKYNH1LH8SPw5qKHBU1g4knwdOGJvwPtvPFObohlmSXl9fsNFrXk2gxfFZOXwAcP9wGMc52WN6rOVdaGrBAloynI3J48rP9HFioCeODajXyammqbzsKsERuw7ypmdmbc7bIR1O5aEfOAOtomfqv74uvbQ8X2ja0yd3VkpEtleIFZ8MQZOrupyQudeI8FlOcXe0V6Z7oeBpbbqKCexlZyQ05P688ebQcIwJQbVDWSqJAmhSnmViNhT5gQUDuMvFawbFdYFTzFqwksQw3KBs6SqXrutPvN2AiQ6YE98GeHybsAHV0u1kZFDhSif8NSV9k52NQmuc31MuifUvetKlDnZRdF5kCJ0cCEWjNHzHanr7e7SvsqUINRnyJMz9u13MOF8BSdZARywRcF2SxhmcDaP4RtfiNpGNCHCAJpQENywAIsiP0uVY3FVdEWq8s0riIKn00uzsDQrDj1VzwhfWXgpndyRCdEy87b7tkq33dJaRNa43urqpMRqejHasn9B2KLluIgZ2LwtXPAlhut0h4QD6ZNw4mjsCf6dmHby4kFTlgVQlHvMRx8tQfAMyMF6GIBQrYtxaOrwn2Oj1mGoywPaC8MfJFCPR59U4Ec80WwaZBBQo3269oHRcXhpywozz7BlbnYHLdrOLrRqmYcSJni8jFV3flqlDOXIqCgxX7SLi4NIuiKGPADiZ1LDDlrogWZ3Pom0NLK0R5v1JcDY9UBYdE3cB9gGAWoeQ6y7ZPxnTp7awSVVl6jfJNt73qNhZsBMCQs2sLJWuUite3WnHL4VM2vZTAwj3w4hK4Hmq8J7y1QlDlm4uTd6T1uHK0OXujM6lge80jOPczMPR8sbN9dO7Uu2eVTjJUDYKR0fvHy8oxI28YamrCarnD6eIzA3vGo0wSUHvuTaENZHlHnIcRyk77MMaoUh9hM6vhJfUjteuQKH1I7trgEbGEIo1KxAJMnKAX9hdaJgbKPZSEk86Xo0a0oIUHRok2e3RmiT30rpo7fcNLhIBvkVxFqC3xTuTFOHX3s5ufgzeZOzTFvLOgtolBiJBo4CXa8GVoxeHVfHjWacGyhNbFjG9hPUR5vfuBeFjgZxo5OvTl6uSkGQRLyEGY3j4QPfZcW04YyaoNcsDlHZlNdC9Bj2ZDuvTAtNCLb86eYspVLPgLwzbaXRgxEMMLyUfqZtDiYszVsP0Uh9D9sQMmouaU6FH0u3AROhbRpQsXPIDC2HuSyNXzPnuwMxIU6h9mz4dA1AEAwlv5A1cPcyeRyMbakNG6KWnSZXDyvO4fFLKee2pgYHqF9ZJ8HBSKOBzTDECOStVSHBiPDBPLsLbGEaMSDZsL7FRmWMXwzikcSnTfjL9qxNzcl2YHO4Boo3Pd1Xfvk8FdDie2hRzN9tXleGKh4ioK8r3vIkJtyxhvcCe2ftIqvUcEPziSzU6cizIwgDxSS3pey65tVuy7KRrxHO70TlDBMZzR9kHBulZf1Nh9hjsgwabPZh8kNKaUS4bBjSFFxrZg18r3r19xkQf76wBhAn2H3NZ5tkQF1iLuSyXbfFuP7fqg3OU5vFalMDGdHX9bZt1qkzLRWvZGP7SXH7jQm0JoaaA1Ihwu70JZAY2yXmU6iRDIEnjSBaIASerIGVWHMigWoENqnf8Q1ioBjiNtuzLilFEA7YlNY18mz0LOFWFsWVKoaFAV2i1RzZ58MDYqqocUuL4N6BID36nDVt8L20w0izoYob461hBTAXLbxnFAyJB5Nyc7ztGQh00yoTKe3Vf3gwIgLTjMpmsXk4ArtNsONriNdUulOQb8xo3BU53eTzejbMOFTApK3wUXa8SPBJfNfASPZF5q5m5pheIxsbOzQUW7tMqQjKIwCcOegt3aNJ7mD6UB5EGeepv3gd8LZ7WwkoBXp8ppd1T3HeV2iUtohz3PoCRW0fKXV5kus9itLfoKPHXYCKZQF7h5zK6IG44UMhsigHOqHj22xzORKk31Xh9RMtXhTntqf6ISvM2K6UwVhoQWgqqPlziGZ1I4Dzn7rwbmNmZDG9aOOY2PDRmlA159hg5zRiIJs15Zifl4ML7dZdxDEZKTT0nB7DblBNsqWrJ5DHyjia8IfoWiqf9rh37IlRIgI6hi6ID3obuvTs2SpyK8UX0uToNIphwlbMr2LDdh8Trivdl5zYZOTDGQkOBUJLcL0sk4ViqGN9rzGJVjpA6F0YuNhPHQMJUHG4PXirXOJPjTd3hCd2SksPeiLoDazkb5gL8K61jPeqHtBSEgqFMrqCK9DE13db12XD40UbqR8TqnolDwabnIbNj24LQRZbYyYhH9SyxC0Up7igUVWDNitcWQd74MdDlJArFcZtVHsCrcBkwfvMFysvz29pcdrsh85LUXpGSX20z1n31wJLtUhAPYLwvEWnOLVzY91ASPQzkISpzkDey9rkm9pPrv6UukkhY563GpfbWEjmmufjlgHFbpugZjj2Cc6UrRhKPENGCep4UBFLbxOp4pa5qcfOwcBvwHlrMuW9fUNOGPaNWVPXwD8AWlnMnmRc1l7arH9YVUncAFcYcXmwZM2p1ZHZ9JpCQ0qjhSo7W0Om7TKq9t1Dyqip77CAh76j85AX9oG6n2cWVMNYmORXQiO3mPZJljtHIJjFg8ZOFJkBbmNkPFR84E19vV8Uqxr70RUQPNasoqEFXTWYCLXBTAfGhaWqTvmO2KFQ5nttfVZK8M3WfHXQmKUXbk9WG1R4mC7UsQPAsH7MhZvlW0tKNmkI61u3eAprvkWdHdYQoo3bkuZuyQpTW88DfWuAyKZlRSOYj6nfdUuzRcokCig0AoMlnNptWhxyAJ70ZRwKHRM7qQ3zZFIyAcEPmEbzzJe4CeMnuWMThYFkQG01CBCZ9uSClFzz1Xm1rBYjvflLjJyyxhcy9QbBs2NY7rJBjn42xtXd1K9a1C9XyPNuI2fyzTUeZSOKaHo4R4LjVpaz2hbEXMBPeNvKYxYH7Gw7SrGlegnDTTZpGD8zgoxmtIQIUnMoktbxzMphgZoU5Is0tSHyP9ikBH6CtKf5awYiWEVn3Lw2JT8asj7LIp89Lzr9LhJgYT7EzG4N3xHosCOs0xdBaJAXg6e3EtzjqUa8MlZFaFha35EbLjaxCqGGSeg09dBuCrzEYiFVihXrSL4fKZhbA6bmsLmzn64uqij4IB2VJwnAtl3JrNtm10ca3gPQCUVxQjWHjpCBRKYiw7MgcziBgzxgWHGUvDuGaJOGroPXMUH41nAR3piqbf3FHzwmM311tAWDPEynSkCp9b99JGoxZjG2rLJKyCogWYH1FywpMziSB1bLIe53B1ESNHj8oBtQpgkkA3lKBVJhm5kOy33GXwB0lHAZuEEUWWUDbvc4n4DTK4KGHALu9CQzn2GDv791c7u5Gx6eZF7AYk78DblUX9qPjIu4jgn4W6TGPpARxkd4GromUcn1goDOhT6BfugGUlsVKGxJLSR4nIoDHpScgSY43VYUEyd9VBjoTSFayVkqLM9SE5kAaC4eLjaokHzqvt6Z6j6xogatu98gdRvj1HwToYK2d8pnpN89AjtyYa4wtK7to1y0zTNAJHBxew3L5cFFYO5BEFEmpRvVEkWouLipyxdRKFcnkfEO9x73ZeDJXGYBPkiOZJc7ZxlbpFdZxFQHLjaAXmCpUL96JqkjgeJ8L5onNeAKGCWAPQcx78GUj4dWB3S1ldrNIzQfNcHpFLJ0Asm87Lccei1StUxalEb5TlYcbq2rgjW9MKdDYtN2ohcBej17eoVoSvwy47K2pftPDXrFVLhetnplEcIjMz3jWpVzlspxIu4NFzgaSDxHKePqbdofpZahZG1tqm6nj9kijlokk9rtneBoFVeJe4Ah3zscqAodWa9jW5aNfCb4wJydOIaOipWtjombk5N4J46kQP96ASP4LFznct6tShCCAz6uuXslnW9ANffqBWKGwHWdCUSX6vCuyHXQYEXyRZzRZhcpmQ8yH1VEUAcgcXDH0lmj0coiT2gagYwY0CWu2GRklSg60l9MWXKjq6csddK0WUmIkpN9D0xPQEeFyZ0XBi6nhR6qx4xPIMRVkhLOXuTtxA07GWoJ8d3ldsbHbRjxDwWwey7LKrRNETTn4N1RckqUujTitdohs8pVoA42p0i92lktyzWS1LB4O2u2ZAEvb8l4MwRmBM0xRnoE7FQwdyYpGdzSnU4yt8u97I1zE3UcZCONCKY5sfX4FekbM48HoOHXaTfPUanGtvFiPOI1F8EezbgZEJIYzuJKeiLVXnQJThW1KNtMxfZ358zHgUKVoK2PFmGPvxdSNPZFyyR72cvKysGMNo7AiZ2EPAEvC0JCMc0pB727H5UJnWjz68hzNozhsyps47YPojyVmfmDRm8R6PigQArtP4Wo2XAgjhX7ICxKBtLOQ4ZZOm826MXp7YGnQD743Sf9Wia9iMlnghRXuSq79Xwp68SmIghDOBt1NQQiMmAfbA58w7LarRsE4jLXYst7c9feB7rnvvwZnYutMf3oXeJNM0QlILcZOldJz3jGiLb3YS2ywuXs2gbwKkOLRdy5KhHRwjzt6yovTTw7KV2P0ybBpSnRITGdHZ8730uh7DmNC1FeFvIht3OqKjCzHg6lZkTZytNHpBsh0zkWfajYhuXssjOPbNJ8JqmkQghxUCwKSOlpxiW7mFauRSQ8AFGSrXFl68nVhoMcO8a1N9FrLnuCifeOlJ2KqlrnbSl9j8DCBEeGRrHlEhsevcblWrteJJmKHgrVC00DkjARAdovektSuSPSmt852JaIaf9KoOT8nDRn8r7wKhaCJQDbvN4rz7XQ13cBrZivgkMpqFuq4jmJcXhKskviMuDzisQ9xxOEQdtGQws44yirFCyg6dfAVAMMHTIBpvjzwqdRFmyI5zWZA1odm0Gd4kDUDikAY8SDTLA4CLU7vheXalLHmew58YqkED0rofBcRVeKTetswbLvampvwwFjKJ2jSwFdOfgrbqyyWkIGNVC1eSPqcF6MGit0L8Xk7XqObnohyGhrGTaiTAxVeo6Z4IKAUEP3JqiZQ2QRoojq2UhTqV88i60sdtzxkkfzjLA8XgUMVofpaFvFmtTaLQcAhw0LuSuVk4kFDJxm4PSiuPj3jCHokm6pwCtxGJZx8OqnlEdC7ftZFr6WcNzpLQo30KO1zycNgDmIaobTnPl8bTJtPNkKd3nErjHUgRume1fe3EOpdUl9T728FNaGxre7kdSnMVRz06HigallZEzvH56qAQLwwMCfCWJ6dX48rOFvhuT5EABOTVM0p67zu02wKsraSvLdsqE9uoR8gzIJoUFt50eyKrnoC6lXNGSES5nFRqRj2wLBsX5KTAMzPCJyAuaNOfMCNJyP3wLj3dFZhkOaVZ5n9XLsuuEY9tiEbgOzhz6150COEn6AAIbS3D1bBV3U1SHmW60qsZFaiEyZk6AZsiKuVDuAGbdpzhww7sfmbs0eSOiCOWWkfixmzqBBEwS8aaXkYBUIFJ19sX8EYJFZlwwbPx5iNsi55QNtuRKboSLzxKDwgVTFFalqEGX1dOUIVYw8LVOdMxdzmSCKIX0oE13xCN6liJDCMqKyf8N1JdlcKzA0xYr60E8EfWTQhIHSmGZGNehAgpXXdCkaFfPLIuSNh86KKRMiZXZQHkZISNu12AT78woHto5ssMLy8ms2QPOB9Py4wwotAu0Bdkk4hKQGOkH7g1n2r4eIj3QWhgKx16eig8U2ApwoxJouoJyIR0sOrusQ7u5O54ky08IHNHxDwIlR7FqpQrLsw2mEaNg4lEWOTFffAx5zK34vxnmWa5Ng0pmebdIrFsdeyv7jUiI4i1srfonpVSnCCfj8R3hQKLw07oUTUBn3t49rYFrcxTer1tsO8EbA2oiIO31AfagspBBxJcpCdFaJiKcR1vQsZG1I0LYNzB4ToFnuYSDsGi80n0uIyg6mgz0SamU0aS3R7VroHcWJJwRtp0jZJGjMaSifMGtEaU0NIvUHdKmKh2k2bXNeAdyUsMR33Trj1d3JV2pNlRL39n7gv3M5N7AllN12rWid5TvQ8cfo9zdSJ2UBwT4upwu4pGmEIxm9Cl5fp2xiimhQT9qCRIA2Ym8xLMsND51Dql2mZQTTYxp5ioww3S5PkotmAox3MrnD39gwvupV37GxbBw9bkNRAv92krI7Cd6MFrNnm8AsAD4Sex23WUDIln2cMlNwhN3qi7oeo0RYYXZ6INuaBCoYChxzvCvAqhlo25irhWJkoap9ODUBgaEuWLeCyXnTOpEOc7gW10NkTALaN1poWHu9UxOFnuUz8se0EXoVxih1OYujQ6Q5i369IxNRncaTOVFmpWn5thDEokxaliQOeJtCoffZdE6DEkXbumcMgX3cY74M5STy89GTgyp1J9mwjgk21QuhP9A1UkEJXO9DpxXyNzPV4E9CW4kwoAbWM1luTycTyEj0JOutbTlj2dEKo5Ge1w36MsiDiqeC5RGFqdUqdoq3GEjtqqgV4m3Lvoauh0NNZoDmwP3Hlo0skHZDIeONtBwDKGjoLrdGab5wWCU0Di2mhgMQHEUU6buNiBBUrjNTxw9vIxEBjvlPBRRg3Mv0yrmVMLLQHrANS9tLdGtGGLR2oAfqMjNFJueA5NQBWgeMvxnI2CIWyhGBqa78Ib0i6gAqNvUvGUPkiVdc53kqIPRike2b8o4DSIgMemTlz3tD5umh4vXypcvSwxQ6s8wP7a9W4ovHJgi4Wws0bhFsud9pXNvw5Tycn2bXpGnwHFj9MZJVebVS2XwZk6rT5AFXlBWInb2sMZMXa38aR05FlFSFfgue39OzLNMM3yKNDPf9CKINoyKehoY1wuhLz7wtrCMZGfvPHGtBvkbQKMBIUjKmd6RuyNHL2eNYvpKb19jddbXlDx4rPhe23BvHxuAyZHzdGyOqGnfxsC7SFqZFBB7BHZphoHFu0th4oDMgxeF48voezif5ZgL9VhTI0W66ZOKpZMDvq4QUPIz4qKSNYRPxjaf3LHP2vxxMnKwktK7hcZvZSjR9Id8niKGamU1ueI3YDUr9h1vobvVml8DAoc5IEtHk8oe0PQ9tbynxB5ujAshgH3fw9kr7AAlhQiqIau49oUWC0egEK1Hn4nLFkdvBs9dUGccBOKxEKZBMjc0BCCT94sX7YjGMRDKDKtFdEyBDz1IYCLwRWDNiodTtGXnmkCslrt34qVWRrfphAhTekp9jneiTa4j4NhpQ3w1nnAK87YnQ0icYLDX5O5Vj0gapFB3X95oOtaoofbCypwoVg0lrg32WWfpcwF2LGgELNdSFFWt4CXoyc7VsK7YK53GnlgBt6mbU8XNHMpfm8XWcssVWowAJOEZIJjnvY8to1ifizLY8950WhH1ML80cfC18fDX4NTEVN3iaUr21GhXWzkH4TNRJLx1LYDQs5JMUvwKLRwkJAZOzd22o7USYbsYDf7u0SffZ3jOx9ArAhnt9Fa1F9opmZZEajtC9qPRJDhNprjlxXZo8uXfyjhUbjm3Rg2zx04Lk8T59FIViIZLfLU8gc1372vMHAh0ndHtPjfGsv0agBtjtTkn2iQSIcr8skwdymGDGXgGqwLQ8vyqpoRT9xlSDyxmbBEsRvMteNLoSSulepqUs7YCTOpDW0GOlCLmAp3NMSKJNa8u8WndksQWBcTE8ELSGi2THwmwQXLj5QNPiqJBqVfjdAa35TYbhS2cAKqQ1OCW3aPrjzSlHiLKeGAtPpCU5BAk0dMScgTQvdbyxnKbJshPJeqJ2CDyvZ02NGYuxKG82MbZARuh0hKQh044PL6k2PbfXGzZCsdFqi06ODv9boI08lv5x6AMcJvV7rWgCZGD96A2KaC6mK3QNTAYnV4o03x4LgZtRIdUE6xKxESCW46pC5JxqLpxMeLYzJA1il6qk7gw37lc9asKceTTtyO8jdFp9pwuQqpdkgm4woKYXTgruX4W6OvBlMcUerGqZDUFC6dBdTkOuAS7FibvydwqCuL3ntWvRJWldqCaLJO5fe87wN3D0vc1h6qt4rPSc5AZSqpXi147adkjoHwz6FOvQwBN6MVUzUFWtI0mgL3ao1LjfBuCeDaRriNIFeeuaHtj2YMOV1HHm0JbVL7xrH14wydVN30ejmxWq6OIndYyEb8CAxStQN6JOVU49gy00l4b4qRD73TdsMw8mBOosr89ZOfpfIvDqNJnENgD2sXlaq7R5lBKMx4Xz3NwoosEWxR9Seab3DNVaygAAmjrjZ0LNMDtBTeUmghBp5IGhFOMxzUiaFiqNRRWfdbpiE85eLHHnvpWcWVwiGN6tty5ftsahD03WlYg135jZFXpRsId8HyGGHI8yAZRdWszuBJrZVPGYhjgJyzhaSNevFkAv3DuxXuBbTfsvlFOnQDRvBMeTKUueokLnEpht2D17c2bfgLemRi3vv5LNnedmcNAlOEVwpCvHtDUInzKpCCjgCtwaXxqc6hMk3KPs5aDxLzALgoS7wL8Y9Au0EAYyqZlEJ0IrRfQwv5yHO3VwXksFQI8kI0wvyEkzkfJbtu3q6bmUcN1J2X6PZLo87XoNXrOs6c9PbG5PoxF2myrWdid33I5MLOYUULphfhkB4eTh2Shc84Vh2dBXEtwBi5XJIzqCSykw6wyuHoUYysqChgziyCPUSoX77dnG6l4EvFseg5yxOdCr9G0xT16Gymi1noQ664WHVwcETZX1HdDzzLQJizsAp5nHgDXEAJShzK97LzcHLBvDtWU33nhVEewSqGRiKJkCUHwWYZcxCakSwbcqnOaGoUNqafc47e3HuUSYH4N4S0KOdvB8El06tIHLy57BoZAUcYO5tp6iaxoLsZSfNaYcAFUwDLMixqeRkrsIdAfPxetrUpQChoGCoNFYfdyZQpAq77eyxVU0Nmg5sSG0norMR8LzrF7S8QhpY1sfLtRtyY9BB9ZgXFhDBFKkGXMXUjemVTaAoSllOrrwOXCT2rPQJJoIVWDWCV5uNmv6Cose21L6d2rLSSYC3gPceF3BVPfz9SWj6g59ANyE00BHwS15RBvVqnXhma0SoPIG3DTJpDzcXJ6XjEtRrTjuTUFvuJSymRIFCxtMMxXUmZokCz5s9ppcZxNnCVaa2zZwvVo19BmJ6lBLVyO9VGwZUTKKmtmT5qGHVDW7XcvGHnNXRB1tDbax8wccVpRhlSxKHA3EFPWLn495DtchYNJLNOUMRQm6o62iYEx6v4UGmPFw1CONVXofoV61668qaJ6jvSoLhwfUYzev3pjvsw59EebAFhyzWvJmJAlTxJqFFfVj0DmkVTa0CpqeI5GLL4Aa84W5Oh2VWCgG20SGEMODCJOftfozt5CoCmcxWs6QDDw2Tra9Tsui90NPEQlO7YKnJiauhaSMfim1YQXi0fg1lNJLuJKLd98si3nt3I9r6HRHL38tnWR1bjzxH6PMxgysbivWgiAGO9Ovo6MV8MhAK19mUQGEJVgrTXsO9CAVivU0HzvIEeZwFDBWp5v4zv11JBKv9eNMoOdd1pqr9mtXnMMPAIpJWcvuUgbYys7tRVUdKn1a4PFgnftzgm
Tests complete with success!
~/coursera/buildroot/assignments-3-and-later-lomangs/server ~/coursera/buildroot/assignments-3-and-later-lomangs/assignment-autotest/test/assignment5 ~/coursera/buildroot/assignments-3-and-later-lomangs
~/coursera/buildroot/assignments-3-and-later-lomangs/assignment-autotest/test/assignment5 ~/coursera/buildroot/assignments-3-and-later-lomangs
Waiting for aesdsocket application with pid 5939 to terminate
Re-running sockettest.sh with valgrind
~/coursera/buildroot/assignments-3-and-later-lomangs/server ~/coursera/buildroot/assignments-3-and-later-lomangs/assignment-autotest/test/assignment5 ~/coursera/buildroot/assignments-3-and-later-lomangs
~/coursera/buildroot/assignments-3-and-later-lomangs/assignment-autotest/test/assignment5 ~/coursera/buildroot/assignments-3-and-later-lomangs/server ~/coursera/buildroot/assignments-3-and-later-lomangs/assignment-autotest/test/assignment5 ~/coursera/buildroot/assignments-3-and-later-lomangs
Waiting for aesdsocket application to start
Starting valgrind
~/coursera/buildroot/assignments-3-and-later-lomangs/assignment-autotest/test/assignment5 ~/coursera/buildroot/assignments-3-and-later-lomangs/assignment-autotest/test/assignment5 ~/coursera/buildroot/assignments-3-and-later-lomangs/server ~/coursera/buildroot/assignments-3-and-later-lomangs/assignment-autotest/test/assignment5 ~/coursera/buildroot/assignments-3-and-later-lomangs
Testing target localhost on port 9000
sending string abcdefg to localhost on port 9000
sending string hijklmnop to localhost on port 9000
sending string 1234567890 to localhost on port 9000
sending string 9876543210 to localhost on port 9000
Sending long string from long_string.txt file
sending string lfcCEGDr9AwJ0wiI2dg4jMocKvbnVWXJ9eNuf5UbDArpt9ga9sqJnc2TwRQe0lQXarCHJjgb7TBuB4Cb9Bk2UFj8f7ZXJpwRm5PF4H26B8td40Tm5itE0rTp4xFXxyMbwOtCb23QKG6DywAsyfnyXSFDsmymwaQ9oR8da5kpabpjNmL9QvLJXiw9K0O7TBCvtcudqEvPgW65pseDmjQpdOdjBaAXqxZtcMUM8ButiII9YKGapi2Awh79BmcchvT9P8Fau6co2z1znLDQnQSlHN4qKQDu5JlE7yYiuZJRsSdja4Q6cSiL9Dxq2FhUP5R3aY1gtCzXcI4tksOzhVgrXvmhmY4ua82sji7xu2dqaQdIjrqCBMHmcDGyv4ZfObEapKzNXoC4c11BYMzT0onBR1cZMRDPwo97VPBKoxE3aKxwsdw6IXcJAY8TFtw97O6yLFMEn2niAm2FOWDYKh0UqmKVjrdwvEXJMAFyAISWwtREm7lmXAFcR5tHYPFLxXdnyFDQ0l1Q0WO91NgvloH31NUQdHDlMTLfk08dJ6i9RtzhuuQBAJOWc3rfpMsgt0SI1vLRVoekizTGtHlqak2UoWdmv3HMAXUn47RQio3et1Cu1TOD02mAsjllhaLk6zf9oBHPLJyzGcwv71MaM9VfYj1fEDmNWruSqDT6f9skKxpOyr96ThjZoleylRbczoStHVSkPigV8vu89jqFN9hI6k0dT6Hs8ltsODlm830Ptqet8V8fmUNDgfZh55RasY6Dn2HFDoMlcWi80uEs2FqqjunQQCrhegn8zHBCj6FpVMfkMiYJzStKeT72SdAJfsgL8EeAq3zo1rjTaNqRRay8W1Kgu0Ot5JipQhR2mbL2QsU220XNjWwBq6NITy8vAL1pCVjSFzRyAtQIQAt4r418XPhlJGDKlzjMdjftkVvMy1vxsfqTSmmJ939PIbUr5kN2KSqrgkdrU4ijZebv48Rc38nIzDm4rcC9zrduguBW1eCCI2XLS3ZXEu2JJNt938GHshtOrYngvP24srUAlz1Fq4JtK53HObMrzvTQxJxB4Pkd9WZixiMZUHtOeOAsaqWd7VSrICufIvgBgEEPVUSRfoglb4U7GjRjDWiS0zpDudaul7rVUXIiGJ70t0eywEGZqXTltLk7knURJVY4tvtKdhx3vtT2nH7uYxLYqfXhRtd1yMfkYhcUeWgOfo2vqRwNmHSf6dhB4udIyGrBOc9yaVZ0KQCaU8FMoNUykufO0OCFK61JzAtSPJ60t5a8CoXj4ktf1zS5XAhAlhWZ4ZJMTMnLxCQ8TK2AnM1Mrxil9jF75OcmTVw6HS0NNLxzcItG2Gq3PnhSauE9620HmGQKVpp7rQAqTeUb8Cm2KcABC7kZLH8qcPgkPtcvToEvfv53CggciU3aidqVPxu1vRsx389ASiFQPOoRebN3xhrAukkNvvCWklvsrT1NCfgoEGHJgr7n95RFn8VWQ4a3bIKUYViqGcslVOUdDU0TOBBzZedKs1LjrGXDnEWyMWP3SK5uXFjRraNS394EY8aUOxireOHOxPBha9ccu839deG93xvMUxFLfnvnnNFTf7rxAEfzntxUPbnpeNzQEYI6WlzduRjITzekQJpX4xAU5M8CfgkdZl9E9zVgAqblsenq65EDkWqg21uafuXEOyRausifYvutU0lwFJ2ztlJgeoFNK5dKljsFc7qr5Yr6bdmMyFXLkS2q0pUtXX4wOlws5OR645HlvbJRcrhwaGiFFKvxm138cUYHNQdgxmDRRykT0IOkBKwBN7IZa4F8IPYWfrQdgTqTVQOAmHiwA5hSAPkFKDEm2nluntLabIP2nWGEo4zfjpckXyD9yzzoYZh0ofVCzUmAu3ShfIiazwiS8oE0h2D4Kb7JjQU69hczjjqC6rCz7ECW7cVvIRtqNZHhkDvxKBfvncqrY2cUx1gWjpRtv1kfimbh6mqnIahb8WQNxicVma0LVLQ3QqwzP0MX0NYibzjfzJ6BDQqmYuH5ExVnn3cBZsx0sgWnxd7WXDfYKcfaYMYysAFGvbkFYSFK0Kcy6tSp8eWRm0vfeVyV6lZKcnxaakqZ7lI4qTuNzKPQTIQ5KSYt6PO2f6tr2IPXcW99VdKBS89ODXPMxhwP2EGPdyxhGHiEEW7vpG0m8rAEkOwwzOSzr2fPxHmE2qVxcmMoUCEyxcHlYmJGRCl9hEDXFktu6pfdGBXhmLGniHvqfOi7Zpx02AkAyxEDu7k79qkm8tBNdR5vFgNvnflvVPUAm45G7vphVVQXo3KE5U3q2IPYGC8D13b8Y8uNmpeVU2EJUVDlx649uY5UKBiIuYx5s2w3zTxtFz4pQqOrsQBE2z5HjnXC6eZko0Z0oD0ruOcHam9krcWAJlLBxYXz7m7oRcLQ9BGcfBvIKgR0Z0Ogmgg78UjWHsnhdCTJ6Pli0Wga1sqFBaVRbkRhyNPLa6MweeVFb0Fv6spLj6knLzLcBY0HmYHVgJblTL3TqAvxAXOGGEfkMGmjZKMm9YiujtrFmjW2J74K8U9cJwrKYTLxctvKKNWfygz3KfJPMa9lQN7V88eF7gFipmKnsAnRwyObCCkvVnEjwJ0opIEZSNyrudOSsJSRCmxkM5bIyQSVsTiNOyVaxxHFrqK2dZT2fYXiBhxPiAHB0DPRmFOPpGjqOrVrybVXVw6YWMo7HJIhKEHMsoSvdq8l9t6zrOEPtSAma1ovIeTeh6bi5wk0gc5foGPNzVbgrQonDQStH7WIHt0rnipLAlShdXtZdipX5tK2ftQ6BzPsZyhTGZ21baIDaHPXe4103lRV7vO6UyfMhGToaVN7gFeusdakUlt4jvle2OVbMBm77ZSzhXHQtl4dvvv79k2GvqvPZbr7vvjqkBTuhoZa0sYLAeUFzcfeMvgmg1ZWGNyMoQZHU1oBI5xPTkVoLOpvzxcTRHKtdKarZxZihuKeZxpAISlKY7h33SglTjYlNG5shFW5dK5JYBmDQGf76bbG7j5ymMWVCBHFYAXt9A7Av2O2zkQM3KWQpvlrre4tIeUjiKN12CSKZEX65hZ9oDEFrLEJCUAxfTftyNzxD1YfG9hpFPJfXEGBaHygNp30t0hk9A4BCtqqVUPZUeLwR97EMbHcitDyDBxNAuMwXpBrgcBTgGM6C3xwzePNmFynHQUQKmUZpCSevuG6GUhHFhUJzDfBROwAI8tIrUPo3IFQxMlur0xLTl9k67wHvX6rvkHCLyYwwB7dnq8ICX1NCRW725Z63xWtb1m8nvKueSBkzRKFJg8QcrKhTihiU3ikHZyF9LqdHIX4BS56d4KY5AM2pBaAEDFyfGwchBeMKVfYYvj8dSoZQ6YroPwuYbF3NWcmo5G4DLWiNbJBf0I1caj0Y9a3mBpirzEKUJ0bKBVj7i5bpae7YHl9x7haLElVv78ISWq83GFDkAaDJapNbkclKymBC8m62g7aBQIkiSLo6odfwgBKiMNNFPybRMcd2t5OI34TQ253Nm8WlucXIkof79iJTqKd6S1uGyyZ5cPZugm8ERmAPYZQDAx4JPEIjGcNsP9VAhuEX8bozdGpSB3gEUQ7pyxxJ6WYCEulZpU3VOEDzYOcpBUkgGmEv8YSnzEpjDrjOQgDUwvobziDPyZR0uHdCsDaS5uw3mFJx7EEstxLVQhJYxhBjjB2V89iXJwQjVV12TQCGTpzVt7yMXI57eooojojMYxts7nlItuwJGrHPPz1vzG92EymWmKJe9Z5zLGQ2WCGNTQCTOfqRS6WKrZAVSOz06y12BSAE7oTRYFAuUzGgByn5pdHVrcd0PtimkiEqQT9YZhw8x6MdaXjnkWKvCekt8yp5DIAoOdsO4sOiq93Fy3ssf428fhIrlo2o2unX3lxVBNGuQFCvWtjWw92mOvzSCHKlghs4MlLthvvoJkfZAsrEIfVf4hw03L9pegihZf0ICeDqCPV8YkNzWyToaJIC1Z5IeDRY1nrKeg7qgqjb5capWaBGW0SlvnTdRCW7qqwk8WPmOueVeOLcobyJqAWaZmSCPEhtcqWQhPx2kXHSKTWPj3OQfApsZooXeIQsTw7Nw1zxCQTXcBx0TpSZ2BwXzcqR1KCgIFPS5NviiPqRzvOkPETskIgkkgP7wVhvaDR1KMESEpcl2CWqYjvc0OYY9eLZnoSDJB0unWacFxM7njOdSlmQhO6OJfLHhYlfQeho2oSAkanQWCXEWN6yFNf7CMoW1c9wuIMTtLE6COXNyHhTvvMPW9ER7qQfjsolHQMYotKDZ5D4dLg6R9qXunMjYbPppDScrFHYrXBbRSYHJfMBgYwHqToYomEI8qJNSB1Hrv31kY9Hz64sURt7HTQdlRqVXccS19srQytZyxkNCkPPcOQT1Wcy0U0yzvT0yVZz1MxKLHwzAhZzC9Bug4S3SDtgzJIIGEsIRh6jLvMt1hcKcpBGw17bGdcOM95EdCzfJQ6DWfNEguFdu6AU4fv4qhjsiTqigSwkRXliBtgSyTXu2s7m2Xx8IvAWYXS1Nyux0rbn1JgaAYGab1UTSlN90zGCOLKwzeqrCBaecLOsDzCPa8lrOsDEheMau4Sf5qtSI6qLXpE3TiNY7vBqrbWb9yVGJZnOzLxg9Ye5dRKL9MdDCI9946kl65pkOW1ndq6XG7ddTWBRXdTP8IHm8QR2C9duw5U8cyPXQSq4IPgsV5sSlpq41rilNra9a8WXCXqqg9sSs1oSafaydPoX6Xvj5glHEiwgFgABuz09Ctom0TqMGWMZFqbfki0ykmjbauJyiu1isbYIcedePT2Ph5wm4uoYWMdyIYG7kH6T4tbKhGaMV8vxADi8tJmofMfqAEDpnBiuFfUOO6n2oFelnDxEs1Sh5shPu1JjQRRYwwHBvPWTDuQDbV5gOEVckHYFs1GxWurftKbqeonm5uPeVYeuRUDvIcUJEnMxn3nwarfVtdX5goav5QHomHXU5JKtv3wHLWHBWrxCGddtxkP4gbszJB7eHPjQLqnECZG0aT8gudjb2eYfOfRyZV9rTu7LNZa5cViASWuycHn7cRU2lgoI0QpIyCgOPfFJEvsj4cZxfIoCYSVzbeyRvJIPi3cxdORoN3DL6ezMrcaw3eHioaUWQ2hw0LDZ7rcRMTf8xOjgSS3yDUR1BFlODxGGDETVD9zshS0tEz16qVBUC58vn4p0pgSpMRCIAp9TSVwm9Q1ITrT6HiazwmZSc03D2YRIbrzpe8aY2PqwOPS4zoVxuwtbhjzFoBJUdNsxHMDsDj5htaeWlznEw2mFcUCWthLprgLFRkQBKAnIi3jkhrw3VmHwozDmKZOi9ciTqTUqJYvNRxawc2XywjPBNR2mxMRGsHr6RoEW5m4XntjYcjgHySxAkMdEvPemIPQmweTjC0PcGejpEZtC1pD5ECqYTA3Iw3hfh7uyRhzFl09BaQR6Dhb9VmMiHMbIoXrcalIpC5MXAZWbYTBrxXDJjysZwk3ANMNfQBJUeUXx4B70SqhVUPz1v3a4tLGhK6qSRqBK0O1fd0ePgUVi6KcRJU7PxoDNMn1wivBxdG9QTGAuFfDmgc3yVDxTBZ6o68YBKDBqp21AD6p2xy9FlYyEgxKRn1YFeHf1LJKkom5cIc2HMWNodXpY7guaKB9sZQrwMZuHSiLHqycHMnSqNkdqob6RSvWs43gX8AN9VFN9Z8ra4QXG0IspMWZHSMgFfGzv80Hp3LtwrMZx783MWBuuvaT72sX1AyFNj0VM5OioLZLlLeNVOqtIvDcMg7Hc7rISUJXTMCFEB08c1su3m9SKzKtLDV2ePWL1eRwJlHCqGkaYavyMg9NWAYG1JWGGWiFWJDDCRngdvKLc4UMbMJd19BqeR39HBoFWPFBMnXOmB40luxCdfHgGkDPF9Ft4F0d4vYCXwusHMLW6KYvBphJiFGtzobKmLwGiRleDxUEC0mpYYuassIMxZ3Aux79Z7L80uJVS0Hi7SANfZzvovk7QB9ZzqZDZVGEgix58vK3c2Q3B5kuZlAn6Ez3iHwK1jKvg9HCQsaA0tt5794N8M2nyc9PdWoJZk9l5aiqR0PibTLre4s35nRUAJtuVzHlk7yfEuOeRYyzXKiKxM37EU1108ygUE4drppvRQ1YR4t4AtBNM72l8ifMdbFfitAehwevBlx5gAPmtrFXK2seb4cROoK31RT38EVGMn906htOCaFnoVBkgriNGzK6SVBn2hIIyyuMyVnkmrMb8NJNU1V55irnShl4wU78iom3iCghKTjFvk8BWLvBdM9Zzsfsfxsr0jJjNjhMtNERw6SO4MEIiOTnjUufdzfEuAFS0zbKTf95gEl4Hca0Z6x53wQ2yc5TrYMcWCEbQON6Zpepyl8SZIsHcUUlkGiVcTbJjpXqKWq84LVa8r6WlJCFwU9lHGV56rLOAKUlAMd6SNYsEhLAV5tvrovaL82a78L9mAk4cvcue2ahh7HXpcq1J61DlFTNyVH92blKF2eQplSWUAh7FKQ9IjvB8dHAUHdg7jHrLHSMxZYxoK2nhtHm8hCFNoF5xCtGTKaLYt94m0ld2d6HaIM0CRH6WvvOjtjfgfpf8eA7Y8jT6ipJNWhX0zOjppVuji71WLdY4rPLbs6pQXjQIIBgQOKcvt1K44AQ26aGjVinJWpNMBQyftWxyIakcMg30oZg5xUaEpl2SmXp9e9JuLAkBQKOUtE215JBPxulJa2TVhTCNhSe81VAnH2XkC2PHOC3pXrNy45wyqsdC6kUg6IpkaOVeGQBuDwR08qgGF0HAZc0Wz1bGcbYEpMVXVjGuECjb88u1G566RPFJQcEQDZCnduVpW5rmABZK41hdwuNZmne3Hc4a7xkrkWgQ4bt2B1PyaOmBWRZvNXZPlmKVgiYEqajopbn5akZrLDBgvWQ4LjjS0SIVvg7P0SJYlnMdZBylRH6NNKrEXvk0bJJPxnOiofkJvxXG1IJnFzQvJ5xHhmT4dMebnGkcrvI0gfQa4ijjC2BfOKBHD1dQaoe6y6yY2d5OVAhxVYuuYNHMwBmUL2gdYr43uppAzDFjyc7qjOlKHOz6iVfpu6vXMM7l2YHfdXkkLl4Mfw6vCxRpcD6EtMI6cZu7dZBINfrvTj13Kb6imuPeVkThVVMPc8tWuUJ0UF1HZpR6QsncnSrFE4VdapCVhNkNtNSRNReUnWeWnvOzuc0YJYhjUUphDUvjJSOHE0om2T4Jyql2S2Qef4F2jKj3Z6hI3md52GGJVT0kxXfAdvMK8tSMCNnTOxiCbVHGBDYnw6NQ0jdoPo5XmMuKaXYmG8gnDQiesTAYEdFEbuNrKvbadak5lV3yUhLCevpl09UZ3fjONnhOJRb9XyRyNQoFqEiSMmBU5aW0RhbgBhsR0aUCIsu0BIidGq4s0reOLjDYMmlvJ9Y9ydJSYFovPVIE55FDb0gLwFNiH5xaaNJsy58ZMeIB5rKUMI09CMEG1hLTTzlz7FSiX7BXyo83nNYXmjp96YFH7biMpwvGO38x5F56e08Vm8yrdhRNa1Zx4GZ3eXr1CXMjGIj62DOrTfZHqNFVmImFCbh1DwADIjDPDe8blWB7j4lKppexuYUTOKrdC24bfjuv4wXBNxp43WBbQ7hF4NBq0zVqJ8kPi4rOQ92EBUpe2xdNXSUEYmda0hnBnO7G9IeoNJHSSwa2IvR3KuH9Iu8OzrZzKMwOAAS0OvWLiSuFbnGsJ0NlKAQVS3H1rOIOZwHUGStGTSmgKIKrZBMxBoDWNJwLwJEAWgBHS2uNhDNLS0fYs3ezjGqFbXZJn8e3U0w8jKsAqaXCaLKV0M3bATwgErzdQr2wTZwd2C6vkCCFxzfdP3efmPwlOtdNQcH2CpQ7jKd5bZMe39CjQdhBnFPfbaQ71dKuL8otK7qTmjN22NGkAOPEA6cI2t3X30sPT9HsYWZam7ZVmvh0EG1FgiX2ZZHnYeme8e5vj5685nvAes2SNaHiUnesf2hWbj2l33nOWEAjBDNFVfpDwRhwAcf5EW7iuXYflzHHFDYx9OsB0XwrZUgKxOv9M88fwEmXxQ4lm8TL7d804VIMGiFKuf7s8wqxzSxyImYPvH8YK36kPuqijSIejTYiR6iuRTJlc3g6GHPTyrAhi2npwi2XMHUlN5gMXyMNDfhRK0CsI1waYLE4fPrw031rA3scU8jy8VFKcbdT6tgDhcYM18Bmfi6gn7dO1wFwNePEQDQFoS0CJbD70dBMBdGgWxYiSsFwTG88vzgksdjOOS2WJljesgNGBLvoYfn33TWopbw0gJdkJpvziLfiEQLHNOULvDKeuMHhDlUrP3vhCzTB1Pl1nRx5rmjuCk5zZyjZk1VNA5Szz6Uu80g7DnCHxcuaIq9X6pdDHjlj0mVRTu423hV1ByJ4Gu6F5HesK3CyftfB02p1KEixThluk1NLWQliGC9xhW60afuKCCSMKd13AfNx44Tg3WiA6IJP2y3VhBSPY5xaKeuK4NFWVFw37LdAjNof7mbrl3S7JzhGGIUo9oD5eQCbKFCHTW5faTggvi7XkA7b28Ddo3KjfzkBX4BZUU8at3zpqzgYokub7PhbdYTdHzk4TNaYKyMhvLyINzrBoT4Yg8275izDATA0lAUZ3gB4uAGF7KZSwQIWW4FgLAnBFs9BxDLJ2wS850U6cKrEGK21R4fLvx5pL9eGvMgSy73MklEaktwBXMydpUB0pxMaibo6G4A5XhVdMVtBmujQW5FEk3ktwNxZSIrK6lVkDptLjMGQfKUR4KHvL8yO9MqTfaAAwaBtiEgjtHZXdCLFXc5uQf5zhXM5a8hhPE9P5CSXhNyWDlihAqRvG7ELN0fOefcCnYwHFZ2BGrvVC1B0C0TWaNEQrcaZC40EvqfZMpBxztD6iXhg7yhylMmAN0cL9JhvIzBj9xuxJhLPUtwBUD4waHu9z3zTj9n6XHTBE4ZufJraHLLMgWfmuEUvaeN7rJ9pKoSyDFzCGklprPb3NB5dTTsUxWrS3Wp9MmJss4mjuhKJpEoETb6j8ap92nCn4h6ca7uDN9Gburs8MO1eiEGol7nsIKWO7U7vLjKm6lCW53sKSFmtgzPkl8nW9WQtUmO2UUBWp0ykdAvIVV2JQdASC7Ici8FqD1iuAnvWzKNzYDNUTCARlDsatZNr47ZRyiGzbfAEOVPRTxE0JcIdWlYneXW2BY2gcnzKHmm0GyYSXVxkwTtdqy9Rt2aE0JUJjsBjAkduljURhKKETP3o2es5WDeCRzyauXD3p3zaHLPaHYK518WXtGXo7kAuO4Ga1d75N68I0smKU9Cikjo8TYEgE6Z4Zi9VAvI7CiHTFfkH8HTAGJZlGbZefXlzTLsxRK9s6xJswn85pPIWEF08DrFLSY14ci6wjXcN4ocAMTI6yQbOhtAKcI4JlD1LEE7kKVPQekViFZWw8olJ3qVs3v5G6AFixsAyiqAGtvyqESTV4P6dUcMfLjIqUXO4XCQzmQX6jbqQidqxOtivYsuyC4qa89Ud4N8ySmfoqdrRqEfBpw8hH0ZNXTtHzM1ElOiwbMqm2V0EckdH0M5OCmwS9KOVRZa9CywbhVOdPgbtUUZGlthrL617BGkuDDaXblYIc3SibkpbJ8AL8gVt65exdzKjhq0mqiRD1vDNdQ5MFGd5tHr75g2Bx0kJeCHQoqZJdnYEKEi8Q2DL3LAUDK4G4ClR4rZSv4FQ9tBLSVMeEDbCTURSeAoSVG9PvXXVTiWNJtLWRtsIusQppH3PuMzfl5O9mkaub1mdI5s4hGPUt6PblcS0qZkY6t4knWK9jiQVXsIeoJvx4BgPJdjoNj5P3oUWZZDXyJucBp1TTUjABFFFy089QHZP9GPPGVjERZ01l14TROQOVCh09xycy42gIE0Nn6K9DvDhlqpwft5RERdXuoqfT0IdlMbWjvIevfynwuKBCv83P1A7C9NiT1HOd5ND9KQSckk83mOK5TVPnI1K2No548xmDAePnAraGxwn69V8HIhVewqmBH8jRtWRyZh5IhWMqfxxEahI9L7GzxWoD6A3UCVnIwZQlkIrHFYrip2CKIsoIW1Nho3SEo8WddA9cwdCvj54ELI4pACpMks1jhU5ShDqYOZX18mkiJ7TKpFmroexVcez9fYD4kva0EQvqL3ooruyO4AdzyX1YHQquKhYqEV6LSL75pq2qpmGbqKZdZGzkj7g6SfEbKvYQSLT8E2tn5U2RhMDhBPXMgmQUOFHgAaKv4dsP4MdLKdvkZbr4gk4WjJ2kTdYB7GPVV8RH9ucpybZfloxxiq52CqtQ223mQa04KRo7i3vP0ICC7oBmkO4Qfps4ThtGIPrbNFCvq1PsWhnbCJsAQA4SKPtYqWlOnyu3fUs4b7tXDASs4ddiYKXxsxslTjUVM5N4AEaISgJAcjLbaMQ0JhRMtTdB4OyiX431C2SlXBufypKYNH1LH8SPw5qKHBU1g4knwdOGJvwPtvPFObohlmSXl9fsNFrXk2gxfFZOXwAcP9wGMc52WN6rOVdaGrBAloynI3J48rP9HFioCeODajXyammqbzsKsERuw7ypmdmbc7bIR1O5aEfOAOtomfqv74uvbQ8X2ja0yd3VkpEtleIFZ8MQZOrupyQudeI8FlOcXe0V6Z7oeBpbbqKCexlZyQ05P688ebQcIwJQbVDWSqJAmhSnmViNhT5gQUDuMvFawbFdYFTzFqwksQw3KBs6SqXrutPvN2AiQ6YE98GeHybsAHV0u1kZFDhSif8NSV9k52NQmuc31MuifUvetKlDnZRdF5kCJ0cCEWjNHzHanr7e7SvsqUINRnyJMz9u13MOF8BSdZARywRcF2SxhmcDaP4RtfiNpGNCHCAJpQENywAIsiP0uVY3FVdEWq8s0riIKn00uzsDQrDj1VzwhfWXgpndyRCdEy87b7tkq33dJaRNa43urqpMRqejHasn9B2KLluIgZ2LwtXPAlhut0h4QD6ZNw4mjsCf6dmHby4kFTlgVQlHvMRx8tQfAMyMF6GIBQrYtxaOrwn2Oj1mGoywPaC8MfJFCPR59U4Ec80WwaZBBQo3269oHRcXhpywozz7BlbnYHLdrOLrRqmYcSJni8jFV3flqlDOXIqCgxX7SLi4NIuiKGPADiZ1LDDlrogWZ3Pom0NLK0R5v1JcDY9UBYdE3cB9gGAWoeQ6y7ZPxnTp7awSVVl6jfJNt73qNhZsBMCQs2sLJWuUite3WnHL4VM2vZTAwj3w4hK4Hmq8J7y1QlDlm4uTd6T1uHK0OXujM6lge80jOPczMPR8sbN9dO7Uu2eVTjJUDYKR0fvHy8oxI28YamrCarnD6eIzA3vGo0wSUHvuTaENZHlHnIcRyk77MMaoUh9hM6vhJfUjteuQKH1I7trgEbGEIo1KxAJMnKAX9hdaJgbKPZSEk86Xo0a0oIUHRok2e3RmiT30rpo7fcNLhIBvkVxFqC3xTuTFOHX3s5ufgzeZOzTFvLOgtolBiJBo4CXa8GVoxeHVfHjWacGyhNbFjG9hPUR5vfuBeFjgZxo5OvTl6uSkGQRLyEGY3j4QPfZcW04YyaoNcsDlHZlNdC9Bj2ZDuvTAtNCLb86eYspVLPgLwzbaXRgxEMMLyUfqZtDiYszVsP0Uh9D9sQMmouaU6FH0u3AROhbRpQsXPIDC2HuSyNXzPnuwMxIU6h9mz4dA1AEAwlv5A1cPcyeRyMbakNG6KWnSZXDyvO4fFLKee2pgYHqF9ZJ8HBSKOBzTDECOStVSHBiPDBPLsLbGEaMSDZsL7FRmWMXwzikcSnTfjL9qxNzcl2YHO4Boo3Pd1Xfvk8FdDie2hRzN9tXleGKh4ioK8r3vIkJtyxhvcCe2ftIqvUcEPziSzU6cizIwgDxSS3pey65tVuy7KRrxHO70TlDBMZzR9kHBulZf1Nh9hjsgwabPZh8kNKaUS4bBjSFFxrZg18r3r19xkQf76wBhAn2H3NZ5tkQF1iLuSyXbfFuP7fqg3OU5vFalMDGdHX9bZt1qkzLRWvZGP7SXH7jQm0JoaaA1Ihwu70JZAY2yXmU6iRDIEnjSBaIASerIGVWHMigWoENqnf8Q1ioBjiNtuzLilFEA7YlNY18mz0LOFWFsWVKoaFAV2i1RzZ58MDYqqocUuL4N6BID36nDVt8L20w0izoYob461hBTAXLbxnFAyJB5Nyc7ztGQh00yoTKe3Vf3gwIgLTjMpmsXk4ArtNsONriNdUulOQb8xo3BU53eTzejbMOFTApK3wUXa8SPBJfNfASPZF5q5m5pheIxsbOzQUW7tMqQjKIwCcOegt3aNJ7mD6UB5EGeepv3gd8LZ7WwkoBXp8ppd1T3HeV2iUtohz3PoCRW0fKXV5kus9itLfoKPHXYCKZQF7h5zK6IG44UMhsigHOqHj22xzORKk31Xh9RMtXhTntqf6ISvM2K6UwVhoQWgqqPlziGZ1I4Dzn7rwbmNmZDG9aOOY2PDRmlA159hg5zRiIJs15Zifl4ML7dZdxDEZKTT0nB7DblBNsqWrJ5DHyjia8IfoWiqf9rh37IlRIgI6hi6ID3obuvTs2SpyK8UX0uToNIphwlbMr2LDdh8Trivdl5zYZOTDGQkOBUJLcL0sk4ViqGN9rzGJVjpA6F0YuNhPHQMJUHG4PXirXOJPjTd3hCd2SksPeiLoDazkb5gL8K61jPeqHtBSEgqFMrqCK9DE13db12XD40UbqR8TqnolDwabnIbNj24LQRZbYyYhH9SyxC0Up7igUVWDNitcWQd74MdDlJArFcZtVHsCrcBkwfvMFysvz29pcdrsh85LUXpGSX20z1n31wJLtUhAPYLwvEWnOLVzY91ASPQzkISpzkDey9rkm9pPrv6UukkhY563GpfbWEjmmufjlgHFbpugZjj2Cc6UrRhKPENGCep4UBFLbxOp4pa5qcfOwcBvwHlrMuW9fUNOGPaNWVPXwD8AWlnMnmRc1l7arH9YVUncAFcYcXmwZM2p1ZHZ9JpCQ0qjhSo7W0Om7TKq9t1Dyqip77CAh76j85AX9oG6n2cWVMNYmORXQiO3mPZJljtHIJjFg8ZOFJkBbmNkPFR84E19vV8Uqxr70RUQPNasoqEFXTWYCLXBTAfGhaWqTvmO2KFQ5nttfVZK8M3WfHXQmKUXbk9WG1R4mC7UsQPAsH7MhZvlW0tKNmkI61u3eAprvkWdHdYQoo3bkuZuyQpTW88DfWuAyKZlRSOYj6nfdUuzRcokCig0AoMlnNptWhxyAJ70ZRwKHRM7qQ3zZFIyAcEPmEbzzJe4CeMnuWMThYFkQG01CBCZ9uSClFzz1Xm1rBYjvflLjJyyxhcy9QbBs2NY7rJBjn42xtXd1K9a1C9XyPNuI2fyzTUeZSOKaHo4R4LjVpaz2hbEXMBPeNvKYxYH7Gw7SrGlegnDTTZpGD8zgoxmtIQIUnMoktbxzMphgZoU5Is0tSHyP9ikBH6CtKf5awYiWEVn3Lw2JT8asj7LIp89Lzr9LhJgYT7EzG4N3xHosCOs0xdBaJAXg6e3EtzjqUa8MlZFaFha35EbLjaxCqGGSeg09dBuCrzEYiFVihXrSL4fKZhbA6bmsLmzn64uqij4IB2VJwnAtl3JrNtm10ca3gPQCUVxQjWHjpCBRKYiw7MgcziBgzxgWHGUvDuGaJOGroPXMUH41nAR3piqbf3FHzwmM311tAWDPEynSkCp9b99JGoxZjG2rLJKyCogWYH1FywpMziSB1bLIe53B1ESNHj8oBtQpgkkA3lKBVJhm5kOy33GXwB0lHAZuEEUWWUDbvc4n4DTK4KGHALu9CQzn2GDv791c7u5Gx6eZF7AYk78DblUX9qPjIu4jgn4W6TGPpARxkd4GromUcn1goDOhT6BfugGUlsVKGxJLSR4nIoDHpScgSY43VYUEyd9VBjoTSFayVkqLM9SE5kAaC4eLjaokHzqvt6Z6j6xogatu98gdRvj1HwToYK2d8pnpN89AjtyYa4wtK7to1y0zTNAJHBxew3L5cFFYO5BEFEmpRvVEkWouLipyxdRKFcnkfEO9x73ZeDJXGYBPkiOZJc7ZxlbpFdZxFQHLjaAXmCpUL96JqkjgeJ8L5onNeAKGCWAPQcx78GUj4dWB3S1ldrNIzQfNcHpFLJ0Asm87Lccei1StUxalEb5TlYcbq2rgjW9MKdDYtN2ohcBej17eoVoSvwy47K2pftPDXrFVLhetnplEcIjMz3jWpVzlspxIu4NFzgaSDxHKePqbdofpZahZG1tqm6nj9kijlokk9rtneBoFVeJe4Ah3zscqAodWa9jW5aNfCb4wJydOIaOipWtjombk5N4J46kQP96ASP4LFznct6tShCCAz6uuXslnW9ANffqBWKGwHWdCUSX6vCuyHXQYEXyRZzRZhcpmQ8yH1VEUAcgcXDH0lmj0coiT2gagYwY0CWu2GRklSg60l9MWXKjq6csddK0WUmIkpN9D0xPQEeFyZ0XBi6nhR6qx4xPIMRVkhLOXuTtxA07GWoJ8d3ldsbHbRjxDwWwey7LKrRNETTn4N1RckqUujTitdohs8pVoA42p0i92lktyzWS1LB4O2u2ZAEvb8l4MwRmBM0xRnoE7FQwdyYpGdzSnU4yt8u97I1zE3UcZCONCKY5sfX4FekbM48HoOHXaTfPUanGtvFiPOI1F8EezbgZEJIYzuJKeiLVXnQJThW1KNtMxfZ358zHgUKVoK2PFmGPvxdSNPZFyyR72cvKysGMNo7AiZ2EPAEvC0JCMc0pB727H5UJnWjz68hzNozhsyps47YPojyVmfmDRm8R6PigQArtP4Wo2XAgjhX7ICxKBtLOQ4ZZOm826MXp7YGnQD743Sf9Wia9iMlnghRXuSq79Xwp68SmIghDOBt1NQQiMmAfbA58w7LarRsE4jLXYst7c9feB7rnvvwZnYutMf3oXeJNM0QlILcZOldJz3jGiLb3YS2ywuXs2gbwKkOLRdy5KhHRwjzt6yovTTw7KV2P0ybBpSnRITGdHZ8730uh7DmNC1FeFvIht3OqKjCzHg6lZkTZytNHpBsh0zkWfajYhuXssjOPbNJ8JqmkQghxUCwKSOlpxiW7mFauRSQ8AFGSrXFl68nVhoMcO8a1N9FrLnuCifeOlJ2KqlrnbSl9j8DCBEeGRrHlEhsevcblWrteJJmKHgrVC00DkjARAdovektSuSPSmt852JaIaf9KoOT8nDRn8r7wKhaCJQDbvN4rz7XQ13cBrZivgkMpqFuq4jmJcXhKskviMuDzisQ9xxOEQdtGQws44yirFCyg6dfAVAMMHTIBpvjzwqdRFmyI5zWZA1odm0Gd4kDUDikAY8SDTLA4CLU7vheXalLHmew58YqkED0rofBcRVeKTetswbLvampvwwFjKJ2jSwFdOfgrbqyyWkIGNVC1eSPqcF6MGit0L8Xk7XqObnohyGhrGTaiTAxVeo6Z4IKAUEP3JqiZQ2QRoojq2UhTqV88i60sdtzxkkfzjLA8XgUMVofpaFvFmtTaLQcAhw0LuSuVk4kFDJxm4PSiuPj3jCHokm6pwCtxGJZx8OqnlEdC7ftZFr6WcNzpLQo30KO1zycNgDmIaobTnPl8bTJtPNkKd3nErjHUgRume1fe3EOpdUl9T728FNaGxre7kdSnMVRz06HigallZEzvH56qAQLwwMCfCWJ6dX48rOFvhuT5EABOTVM0p67zu02wKsraSvLdsqE9uoR8gzIJoUFt50eyKrnoC6lXNGSES5nFRqRj2wLBsX5KTAMzPCJyAuaNOfMCNJyP3wLj3dFZhkOaVZ5n9XLsuuEY9tiEbgOzhz6150COEn6AAIbS3D1bBV3U1SHmW60qsZFaiEyZk6AZsiKuVDuAGbdpzhww7sfmbs0eSOiCOWWkfixmzqBBEwS8aaXkYBUIFJ19sX8EYJFZlwwbPx5iNsi55QNtuRKboSLzxKDwgVTFFalqEGX1dOUIVYw8LVOdMxdzmSCKIX0oE13xCN6liJDCMqKyf8N1JdlcKzA0xYr60E8EfWTQhIHSmGZGNehAgpXXdCkaFfPLIuSNh86KKRMiZXZQHkZISNu12AT78woHto5ssMLy8ms2QPOB9Py4wwotAu0Bdkk4hKQGOkH7g1n2r4eIj3QWhgKx16eig8U2ApwoxJouoJyIR0sOrusQ7u5O54ky08IHNHxDwIlR7FqpQrLsw2mEaNg4lEWOTFffAx5zK34vxnmWa5Ng0pmebdIrFsdeyv7jUiI4i1srfonpVSnCCfj8R3hQKLw07oUTUBn3t49rYFrcxTer1tsO8EbA2oiIO31AfagspBBxJcpCdFaJiKcR1vQsZG1I0LYNzB4ToFnuYSDsGi80n0uIyg6mgz0SamU0aS3R7VroHcWJJwRtp0jZJGjMaSifMGtEaU0NIvUHdKmKh2k2bXNeAdyUsMR33Trj1d3JV2pNlRL39n7gv3M5N7AllN12rWid5TvQ8cfo9zdSJ2UBwT4upwu4pGmEIxm9Cl5fp2xiimhQT9qCRIA2Ym8xLMsND51Dql2mZQTTYxp5ioww3S5PkotmAox3MrnD39gwvupV37GxbBw9bkNRAv92krI7Cd6MFrNnm8AsAD4Sex23WUDIln2cMlNwhN3qi7oeo0RYYXZ6INuaBCoYChxzvCvAqhlo25irhWJkoap9ODUBgaEuWLeCyXnTOpEOc7gW10NkTALaN1poWHu9UxOFnuUz8se0EXoVxih1OYujQ6Q5i369IxNRncaTOVFmpWn5thDEokxaliQOeJtCoffZdE6DEkXbumcMgX3cY74M5STy89GTgyp1J9mwjgk21QuhP9A1UkEJXO9DpxXyNzPV4E9CW4kwoAbWM1luTycTyEj0JOutbTlj2dEKo5Ge1w36MsiDiqeC5RGFqdUqdoq3GEjtqqgV4m3Lvoauh0NNZoDmwP3Hlo0skHZDIeONtBwDKGjoLrdGab5wWCU0Di2mhgMQHEUU6buNiBBUrjNTxw9vIxEBjvlPBRRg3Mv0yrmVMLLQHrANS9tLdGtGGLR2oAfqMjNFJueA5NQBWgeMvxnI2CIWyhGBqa78Ib0i6gAqNvUvGUPkiVdc53kqIPRike2b8o4DSIgMemTlz3tD5umh4vXypcvSwxQ6s8wP7a9W4ovHJgi4Wws0bhFsud9pXNvw5Tycn2bXpGnwHFj9MZJVebVS2XwZk6rT5AFXlBWInb2sMZMXa38aR05FlFSFfgue39OzLNMM3yKNDPf9CKINoyKehoY1wuhLz7wtrCMZGfvPHGtBvkbQKMBIUjKmd6RuyNHL2eNYvpKb19jddbXlDx4rPhe23BvHxuAyZHzdGyOqGnfxsC7SFqZFBB7BHZphoHFu0th4oDMgxeF48voezif5ZgL9VhTI0W66ZOKpZMDvq4QUPIz4qKSNYRPxjaf3LHP2vxxMnKwktK7hcZvZSjR9Id8niKGamU1ueI3YDUr9h1vobvVml8DAoc5IEtHk8oe0PQ9tbynxB5ujAshgH3fw9kr7AAlhQiqIau49oUWC0egEK1Hn4nLFkdvBs9dUGccBOKxEKZBMjc0BCCT94sX7YjGMRDKDKtFdEyBDz1IYCLwRWDNiodTtGXnmkCslrt34qVWRrfphAhTekp9jneiTa4j4NhpQ3w1nnAK87YnQ0icYLDX5O5Vj0gapFB3X95oOtaoofbCypwoVg0lrg32WWfpcwF2LGgELNdSFFWt4CXoyc7VsK7YK53GnlgBt6mbU8XNHMpfm8XWcssVWowAJOEZIJjnvY8to1ifizLY8950WhH1ML80cfC18fDX4NTEVN3iaUr21GhXWzkH4TNRJLx1LYDQs5JMUvwKLRwkJAZOzd22o7USYbsYDf7u0SffZ3jOx9ArAhnt9Fa1F9opmZZEajtC9qPRJDhNprjlxXZo8uXfyjhUbjm3Rg2zx04Lk8T59FIViIZLfLU8gc1372vMHAh0ndHtPjfGsv0agBtjtTkn2iQSIcr8skwdymGDGXgGqwLQ8vyqpoRT9xlSDyxmbBEsRvMteNLoSSulepqUs7YCTOpDW0GOlCLmAp3NMSKJNa8u8WndksQWBcTE8ELSGi2THwmwQXLj5QNPiqJBqVfjdAa35TYbhS2cAKqQ1OCW3aPrjzSlHiLKeGAtPpCU5BAk0dMScgTQvdbyxnKbJshPJeqJ2CDyvZ02NGYuxKG82MbZARuh0hKQh044PL6k2PbfXGzZCsdFqi06ODv9boI08lv5x6AMcJvV7rWgCZGD96A2KaC6mK3QNTAYnV4o03x4LgZtRIdUE6xKxESCW46pC5JxqLpxMeLYzJA1il6qk7gw37lc9asKceTTtyO8jdFp9pwuQqpdkgm4woKYXTgruX4W6OvBlMcUerGqZDUFC6dBdTkOuAS7FibvydwqCuL3ntWvRJWldqCaLJO5fe87wN3D0vc1h6qt4rPSc5AZSqpXi147adkjoHwz6FOvQwBN6MVUzUFWtI0mgL3ao1LjfBuCeDaRriNIFeeuaHtj2YMOV1HHm0JbVL7xrH14wydVN30ejmxWq6OIndYyEb8CAxStQN6JOVU49gy00l4b4qRD73TdsMw8mBOosr89ZOfpfIvDqNJnENgD2sXlaq7R5lBKMx4Xz3NwoosEWxR9Seab3DNVaygAAmjrjZ0LNMDtBTeUmghBp5IGhFOMxzUiaFiqNRRWfdbpiE85eLHHnvpWcWVwiGN6tty5ftsahD03WlYg135jZFXpRsId8HyGGHI8yAZRdWszuBJrZVPGYhjgJyzhaSNevFkAv3DuxXuBbTfsvlFOnQDRvBMeTKUueokLnEpht2D17c2bfgLemRi3vv5LNnedmcNAlOEVwpCvHtDUInzKpCCjgCtwaXxqc6hMk3KPs5aDxLzALgoS7wL8Y9Au0EAYyqZlEJ0IrRfQwv5yHO3VwXksFQI8kI0wvyEkzkfJbtu3q6bmUcN1J2X6PZLo87XoNXrOs6c9PbG5PoxF2myrWdid33I5MLOYUULphfhkB4eTh2Shc84Vh2dBXEtwBi5XJIzqCSykw6wyuHoUYysqChgziyCPUSoX77dnG6l4EvFseg5yxOdCr9G0xT16Gymi1noQ664WHVwcETZX1HdDzzLQJizsAp5nHgDXEAJShzK97LzcHLBvDtWU33nhVEewSqGRiKJkCUHwWYZcxCakSwbcqnOaGoUNqafc47e3HuUSYH4N4S0KOdvB8El06tIHLy57BoZAUcYO5tp6iaxoLsZSfNaYcAFUwDLMixqeRkrsIdAfPxetrUpQChoGCoNFYfdyZQpAq77eyxVU0Nmg5sSG0norMR8LzrF7S8QhpY1sfLtRtyY9BB9ZgXFhDBFKkGXMXUjemVTaAoSllOrrwOXCT2rPQJJoIVWDWCV5uNmv6Cose21L6d2rLSSYC3gPceF3BVPfz9SWj6g59ANyE00BHwS15RBvVqnXhma0SoPIG3DTJpDzcXJ6XjEtRrTjuTUFvuJSymRIFCxtMMxXUmZokCz5s9ppcZxNnCVaa2zZwvVo19BmJ6lBLVyO9VGwZUTKKmtmT5qGHVDW7XcvGHnNXRB1tDbax8wccVpRhlSxKHA3EFPWLn495DtchYNJLNOUMRQm6o62iYEx6v4UGmPFw1CONVXofoV61668qaJ6jvSoLhwfUYzev3pjvsw59EebAFhyzWvJmJAlTxJqFFfVj0DmkVTa0CpqeI5GLL4Aa84W5Oh2VWCgG20SGEMODCJOftfozt5CoCmcxWs6QDDw2Tra9Tsui90NPEQlO7YKnJiauhaSMfim1YQXi0fg1lNJLuJKLd98si3nt3I9r6HRHL38tnWR1bjzxH6PMxgysbivWgiAGO9Ovo6MV8MhAK19mUQGEJVgrTXsO9CAVivU0HzvIEeZwFDBWp5v4zv11JBKv9eNMoOdd1pqr9mtXnMMPAIpJWcvuUgbYys7tRVUdKn1a4PFgnftzgm to localhost on port 9000
Full contents sent:
abcdefg
hijklmnop
1234567890
9876543210
lfcCEGDr9AwJ0wiI2dg4jMocKvbnVWXJ9eNuf5UbDArpt9ga9sqJnc2TwRQe0lQXarCHJjgb7TBuB4Cb9Bk2UFj8f7ZXJpwRm5PF4H26B8td40Tm5itE0rTp4xFXxyMbwOtCb23QKG6DywAsyfnyXSFDsmymwaQ9oR8da5kpabpjNmL9QvLJXiw9K0O7TBCvtcudqEvPgW65pseDmjQpdOdjBaAXqxZtcMUM8ButiII9YKGapi2Awh79BmcchvT9P8Fau6co2z1znLDQnQSlHN4qKQDu5JlE7yYiuZJRsSdja4Q6cSiL9Dxq2FhUP5R3aY1gtCzXcI4tksOzhVgrXvmhmY4ua82sji7xu2dqaQdIjrqCBMHmcDGyv4ZfObEapKzNXoC4c11BYMzT0onBR1cZMRDPwo97VPBKoxE3aKxwsdw6IXcJAY8TFtw97O6yLFMEn2niAm2FOWDYKh0UqmKVjrdwvEXJMAFyAISWwtREm7lmXAFcR5tHYPFLxXdnyFDQ0l1Q0WO91NgvloH31NUQdHDlMTLfk08dJ6i9RtzhuuQBAJOWc3rfpMsgt0SI1vLRVoekizTGtHlqak2UoWdmv3HMAXUn47RQio3et1Cu1TOD02mAsjllhaLk6zf9oBHPLJyzGcwv71MaM9VfYj1fEDmNWruSqDT6f9skKxpOyr96ThjZoleylRbczoStHVSkPigV8vu89jqFN9hI6k0dT6Hs8ltsODlm830Ptqet8V8fmUNDgfZh55RasY6Dn2HFDoMlcWi80uEs2FqqjunQQCrhegn8zHBCj6FpVMfkMiYJzStKeT72SdAJfsgL8EeAq3zo1rjTaNqRRay8W1Kgu0Ot5JipQhR2mbL2QsU220XNjWwBq6NITy8vAL1pCVjSFzRyAtQIQAt4r418XPhlJGDKlzjMdjftkVvMy1vxsfqTSmmJ939PIbUr5kN2KSqrgkdrU4ijZebv48Rc38nIzDm4rcC9zrduguBW1eCCI2XLS3ZXEu2JJNt938GHshtOrYngvP24srUAlz1Fq4JtK53HObMrzvTQxJxB4Pkd9WZixiMZUHtOeOAsaqWd7VSrICufIvgBgEEPVUSRfoglb4U7GjRjDWiS0zpDudaul7rVUXIiGJ70t0eywEGZqXTltLk7knURJVY4tvtKdhx3vtT2nH7uYxLYqfXhRtd1yMfkYhcUeWgOfo2vqRwNmHSf6dhB4udIyGrBOc9yaVZ0KQCaU8FMoNUykufO0OCFK61JzAtSPJ60t5a8CoXj4ktf1zS5XAhAlhWZ4ZJMTMnLxCQ8TK2AnM1Mrxil9jF75OcmTVw6HS0NNLxzcItG2Gq3PnhSauE9620HmGQKVpp7rQAqTeUb8Cm2KcABC7kZLH8qcPgkPtcvToEvfv53CggciU3aidqVPxu1vRsx389ASiFQPOoRebN3xhrAukkNvvCWklvsrT1NCfgoEGHJgr7n95RFn8VWQ4a3bIKUYViqGcslVOUdDU0TOBBzZedKs1LjrGXDnEWyMWP3SK5uXFjRraNS394EY8aUOxireOHOxPBha9ccu839deG93xvMUxFLfnvnnNFTf7rxAEfzntxUPbnpeNzQEYI6WlzduRjITzekQJpX4xAU5M8CfgkdZl9E9zVgAqblsenq65EDkWqg21uafuXEOyRausifYvutU0lwFJ2ztlJgeoFNK5dKljsFc7qr5Yr6bdmMyFXLkS2q0pUtXX4wOlws5OR645HlvbJRcrhwaGiFFKvxm138cUYHNQdgxmDRRykT0IOkBKwBN7IZa4F8IPYWfrQdgTqTVQOAmHiwA5hSAPkFKDEm2nluntLabIP2nWGEo4zfjpckXyD9yzzoYZh0ofVCzUmAu3ShfIiazwiS8oE0h2D4Kb7JjQU69hczjjqC6rCz7ECW7cVvIRtqNZHhkDvxKBfvncqrY2cUx1gWjpRtv1kfimbh6mqnIahb8WQNxicVma0LVLQ3QqwzP0MX0NYibzjfzJ6BDQqmYuH5ExVnn3cBZsx0sgWnxd7WXDfYKcfaYMYysAFGvbkFYSFK0Kcy6tSp8eWRm0vfeVyV6lZKcnxaakqZ7lI4qTuNzKPQTIQ5KSYt6PO2f6tr2IPXcW99VdKBS89ODXPMxhwP2EGPdyxhGHiEEW7vpG0m8rAEkOwwzOSzr2fPxHmE2qVxcmMoUCEyxcHlYmJGRCl9hEDXFktu6pfdGBXhmLGniHvqfOi7Zpx02AkAyxEDu7k79qkm8tBNdR5vFgNvnflvVPUAm45G7vphVVQXo3KE5U3q2IPYGC8D13b8Y8uNmpeVU2EJUVDlx649uY5UKBiIuYx5s2w3zTxtFz4pQqOrsQBE2z5HjnXC6eZko0Z0oD0ruOcHam9krcWAJlLBxYXz7m7oRcLQ9BGcfBvIKgR0Z0Ogmgg78UjWHsnhdCTJ6Pli0Wga1sqFBaVRbkRhyNPLa6MweeVFb0Fv6spLj6knLzLcBY0HmYHVgJblTL3TqAvxAXOGGEfkMGmjZKMm9YiujtrFmjW2J74K8U9cJwrKYTLxctvKKNWfygz3KfJPMa9lQN7V88eF7gFipmKnsAnRwyObCCkvVnEjwJ0opIEZSNyrudOSsJSRCmxkM5bIyQSVsTiNOyVaxxHFrqK2dZT2fYXiBhxPiAHB0DPRmFOPpGjqOrVrybVXVw6YWMo7HJIhKEHMsoSvdq8l9t6zrOEPtSAma1ovIeTeh6bi5wk0gc5foGPNzVbgrQonDQStH7WIHt0rnipLAlShdXtZdipX5tK2ftQ6BzPsZyhTGZ21baIDaHPXe4103lRV7vO6UyfMhGToaVN7gFeusdakUlt4jvle2OVbMBm77ZSzhXHQtl4dvvv79k2GvqvPZbr7vvjqkBTuhoZa0sYLAeUFzcfeMvgmg1ZWGNyMoQZHU1oBI5xPTkVoLOpvzxcTRHKtdKarZxZihuKeZxpAISlKY7h33SglTjYlNG5shFW5dK5JYBmDQGf76bbG7j5ymMWVCBHFYAXt9A7Av2O2zkQM3KWQpvlrre4tIeUjiKN12CSKZEX65hZ9oDEFrLEJCUAxfTftyNzxD1YfG9hpFPJfXEGBaHygNp30t0hk9A4BCtqqVUPZUeLwR97EMbHcitDyDBxNAuMwXpBrgcBTgGM6C3xwzePNmFynHQUQKmUZpCSevuG6GUhHFhUJzDfBROwAI8tIrUPo3IFQxMlur0xLTl9k67wHvX6rvkHCLyYwwB7dnq8ICX1NCRW725Z63xWtb1m8nvKueSBkzRKFJg8QcrKhTihiU3ikHZyF9LqdHIX4BS56d4KY5AM2pBaAEDFyfGwchBeMKVfYYvj8dSoZQ6YroPwuYbF3NWcmo5G4DLWiNbJBf0I1caj0Y9a3mBpirzEKUJ0bKBVj7i5bpae7YHl9x7haLElVv78ISWq83GFDkAaDJapNbkclKymBC8m62g7aBQIkiSLo6odfwgBKiMNNFPybRMcd2t5OI34TQ253Nm8WlucXIkof79iJTqKd6S1uGyyZ5cPZugm8ERmAPYZQDAx4JPEIjGcNsP9VAhuEX8bozdGpSB3gEUQ7pyxxJ6WYCEulZpU3VOEDzYOcpBUkgGmEv8YSnzEpjDrjOQgDUwvobziDPyZR0uHdCsDaS5uw3mFJx7EEstxLVQhJYxhBjjB2V89iXJwQjVV12TQCGTpzVt7yMXI57eooojojMYxts7nlItuwJGrHPPz1vzG92EymWmKJe9Z5zLGQ2WCGNTQCTOfqRS6WKrZAVSOz06y12BSAE7oTRYFAuUzGgByn5pdHVrcd0PtimkiEqQT9YZhw8x6MdaXjnkWKvCekt8yp5DIAoOdsO4sOiq93Fy3ssf428fhIrlo2o2unX3lxVBNGuQFCvWtjWw92mOvzSCHKlghs4MlLthvvoJkfZAsrEIfVf4hw03L9pegihZf0ICeDqCPV8YkNzWyToaJIC1Z5IeDRY1nrKeg7qgqjb5capWaBGW0SlvnTdRCW7qqwk8WPmOueVeOLcobyJqAWaZmSCPEhtcqWQhPx2kXHSKTWPj3OQfApsZooXeIQsTw7Nw1zxCQTXcBx0TpSZ2BwXzcqR1KCgIFPS5NviiPqRzvOkPETskIgkkgP7wVhvaDR1KMESEpcl2CWqYjvc0OYY9eLZnoSDJB0unWacFxM7njOdSlmQhO6OJfLHhYlfQeho2oSAkanQWCXEWN6yFNf7CMoW1c9wuIMTtLE6COXNyHhTvvMPW9ER7qQfjsolHQMYotKDZ5D4dLg6R9qXunMjYbPppDScrFHYrXBbRSYHJfMBgYwHqToYomEI8qJNSB1Hrv31kY9Hz64sURt7HTQdlRqVXccS19srQytZyxkNCkPPcOQT1Wcy0U0yzvT0yVZz1MxKLHwzAhZzC9Bug4S3SDtgzJIIGEsIRh6jLvMt1hcKcpBGw17bGdcOM95EdCzfJQ6DWfNEguFdu6AU4fv4qhjsiTqigSwkRXliBtgSyTXu2s7m2Xx8IvAWYXS1Nyux0rbn1JgaAYGab1UTSlN90zGCOLKwzeqrCBaecLOsDzCPa8lrOsDEheMau4Sf5qtSI6qLXpE3TiNY7vBqrbWb9yVGJZnOzLxg9Ye5dRKL9MdDCI9946kl65pkOW1ndq6XG7ddTWBRXdTP8IHm8QR2C9duw5U8cyPXQSq4IPgsV5sSlpq41rilNra9a8WXCXqqg9sSs1oSafaydPoX6Xvj5glHEiwgFgABuz09Ctom0TqMGWMZFqbfki0ykmjbauJyiu1isbYIcedePT2Ph5wm4uoYWMdyIYG7kH6T4tbKhGaMV8vxADi8tJmofMfqAEDpnBiuFfUOO6n2oFelnDxEs1Sh5shPu1JjQRRYwwHBvPWTDuQDbV5gOEVckHYFs1GxWurftKbqeonm5uPeVYeuRUDvIcUJEnMxn3nwarfVtdX5goav5QHomHXU5JKtv3wHLWHBWrxCGddtxkP4gbszJB7eHPjQLqnECZG0aT8gudjb2eYfOfRyZV9rTu7LNZa5cViASWuycHn7cRU2lgoI0QpIyCgOPfFJEvsj4cZxfIoCYSVzbeyRvJIPi3cxdORoN3DL6ezMrcaw3eHioaUWQ2hw0LDZ7rcRMTf8xOjgSS3yDUR1BFlODxGGDETVD9zshS0tEz16qVBUC58vn4p0pgSpMRCIAp9TSVwm9Q1ITrT6HiazwmZSc03D2YRIbrzpe8aY2PqwOPS4zoVxuwtbhjzFoBJUdNsxHMDsDj5htaeWlznEw2mFcUCWthLprgLFRkQBKAnIi3jkhrw3VmHwozDmKZOi9ciTqTUqJYvNRxawc2XywjPBNR2mxMRGsHr6RoEW5m4XntjYcjgHySxAkMdEvPemIPQmweTjC0PcGejpEZtC1pD5ECqYTA3Iw3hfh7uyRhzFl09BaQR6Dhb9VmMiHMbIoXrcalIpC5MXAZWbYTBrxXDJjysZwk3ANMNfQBJUeUXx4B70SqhVUPz1v3a4tLGhK6qSRqBK0O1fd0ePgUVi6KcRJU7PxoDNMn1wivBxdG9QTGAuFfDmgc3yVDxTBZ6o68YBKDBqp21AD6p2xy9FlYyEgxKRn1YFeHf1LJKkom5cIc2HMWNodXpY7guaKB9sZQrwMZuHSiLHqycHMnSqNkdqob6RSvWs43gX8AN9VFN9Z8ra4QXG0IspMWZHSMgFfGzv80Hp3LtwrMZx783MWBuuvaT72sX1AyFNj0VM5OioLZLlLeNVOqtIvDcMg7Hc7rISUJXTMCFEB08c1su3m9SKzKtLDV2ePWL1eRwJlHCqGkaYavyMg9NWAYG1JWGGWiFWJDDCRngdvKLc4UMbMJd19BqeR39HBoFWPFBMnXOmB40luxCdfHgGkDPF9Ft4F0d4vYCXwusHMLW6KYvBphJiFGtzobKmLwGiRleDxUEC0mpYYuassIMxZ3Aux79Z7L80uJVS0Hi7SANfZzvovk7QB9ZzqZDZVGEgix58vK3c2Q3B5kuZlAn6Ez3iHwK1jKvg9HCQsaA0tt5794N8M2nyc9PdWoJZk9l5aiqR0PibTLre4s35nRUAJtuVzHlk7yfEuOeRYyzXKiKxM37EU1108ygUE4drppvRQ1YR4t4AtBNM72l8ifMdbFfitAehwevBlx5gAPmtrFXK2seb4cROoK31RT38EVGMn906htOCaFnoVBkgriNGzK6SVBn2hIIyyuMyVnkmrMb8NJNU1V55irnShl4wU78iom3iCghKTjFvk8BWLvBdM9Zzsfsfxsr0jJjNjhMtNERw6SO4MEIiOTnjUufdzfEuAFS0zbKTf95gEl4Hca0Z6x53wQ2yc5TrYMcWCEbQON6Zpepyl8SZIsHcUUlkGiVcTbJjpXqKWq84LVa8r6WlJCFwU9lHGV56rLOAKUlAMd6SNYsEhLAV5tvrovaL82a78L9mAk4cvcue2ahh7HXpcq1J61DlFTNyVH92blKF2eQplSWUAh7FKQ9IjvB8dHAUHdg7jHrLHSMxZYxoK2nhtHm8hCFNoF5xCtGTKaLYt94m0ld2d6HaIM0CRH6WvvOjtjfgfpf8eA7Y8jT6ipJNWhX0zOjppVuji71WLdY4rPLbs6pQXjQIIBgQOKcvt1K44AQ26aGjVinJWpNMBQyftWxyIakcMg30oZg5xUaEpl2SmXp9e9JuLAkBQKOUtE215JBPxulJa2TVhTCNhSe81VAnH2XkC2PHOC3pXrNy45wyqsdC6kUg6IpkaOVeGQBuDwR08qgGF0HAZc0Wz1bGcbYEpMVXVjGuECjb88u1G566RPFJQcEQDZCnduVpW5rmABZK41hdwuNZmne3Hc4a7xkrkWgQ4bt2B1PyaOmBWRZvNXZPlmKVgiYEqajopbn5akZrLDBgvWQ4LjjS0SIVvg7P0SJYlnMdZBylRH6NNKrEXvk0bJJPxnOiofkJvxXG1IJnFzQvJ5xHhmT4dMebnGkcrvI0gfQa4ijjC2BfOKBHD1dQaoe6y6yY2d5OVAhxVYuuYNHMwBmUL2gdYr43uppAzDFjyc7qjOlKHOz6iVfpu6vXMM7l2YHfdXkkLl4Mfw6vCxRpcD6EtMI6cZu7dZBINfrvTj13Kb6imuPeVkThVVMPc8tWuUJ0UF1HZpR6QsncnSrFE4VdapCVhNkNtNSRNReUnWeWnvOzuc0YJYhjUUphDUvjJSOHE0om2T4Jyql2S2Qef4F2jKj3Z6hI3md52GGJVT0kxXfAdvMK8tSMCNnTOxiCbVHGBDYnw6NQ0jdoPo5XmMuKaXYmG8gnDQiesTAYEdFEbuNrKvbadak5lV3yUhLCevpl09UZ3fjONnhOJRb9XyRyNQoFqEiSMmBU5aW0RhbgBhsR0aUCIsu0BIidGq4s0reOLjDYMmlvJ9Y9ydJSYFovPVIE55FDb0gLwFNiH5xaaNJsy58ZMeIB5rKUMI09CMEG1hLTTzlz7FSiX7BXyo83nNYXmjp96YFH7biMpwvGO38x5F56e08Vm8yrdhRNa1Zx4GZ3eXr1CXMjGIj62DOrTfZHqNFVmImFCbh1DwADIjDPDe8blWB7j4lKppexuYUTOKrdC24bfjuv4wXBNxp43WBbQ7hF4NBq0zVqJ8kPi4rOQ92EBUpe2xdNXSUEYmda0hnBnO7G9IeoNJHSSwa2IvR3KuH9Iu8OzrZzKMwOAAS0OvWLiSuFbnGsJ0NlKAQVS3H1rOIOZwHUGStGTSmgKIKrZBMxBoDWNJwLwJEAWgBHS2uNhDNLS0fYs3ezjGqFbXZJn8e3U0w8jKsAqaXCaLKV0M3bATwgErzdQr2wTZwd2C6vkCCFxzfdP3efmPwlOtdNQcH2CpQ7jKd5bZMe39CjQdhBnFPfbaQ71dKuL8otK7qTmjN22NGkAOPEA6cI2t3X30sPT9HsYWZam7ZVmvh0EG1FgiX2ZZHnYeme8e5vj5685nvAes2SNaHiUnesf2hWbj2l33nOWEAjBDNFVfpDwRhwAcf5EW7iuXYflzHHFDYx9OsB0XwrZUgKxOv9M88fwEmXxQ4lm8TL7d804VIMGiFKuf7s8wqxzSxyImYPvH8YK36kPuqijSIejTYiR6iuRTJlc3g6GHPTyrAhi2npwi2XMHUlN5gMXyMNDfhRK0CsI1waYLE4fPrw031rA3scU8jy8VFKcbdT6tgDhcYM18Bmfi6gn7dO1wFwNePEQDQFoS0CJbD70dBMBdGgWxYiSsFwTG88vzgksdjOOS2WJljesgNGBLvoYfn33TWopbw0gJdkJpvziLfiEQLHNOULvDKeuMHhDlUrP3vhCzTB1Pl1nRx5rmjuCk5zZyjZk1VNA5Szz6Uu80g7DnCHxcuaIq9X6pdDHjlj0mVRTu423hV1ByJ4Gu6F5HesK3CyftfB02p1KEixThluk1NLWQliGC9xhW60afuKCCSMKd13AfNx44Tg3WiA6IJP2y3VhBSPY5xaKeuK4NFWVFw37LdAjNof7mbrl3S7JzhGGIUo9oD5eQCbKFCHTW5faTggvi7XkA7b28Ddo3KjfzkBX4BZUU8at3zpqzgYokub7PhbdYTdHzk4TNaYKyMhvLyINzrBoT4Yg8275izDATA0lAUZ3gB4uAGF7KZSwQIWW4FgLAnBFs9BxDLJ2wS850U6cKrEGK21R4fLvx5pL9eGvMgSy73MklEaktwBXMydpUB0pxMaibo6G4A5XhVdMVtBmujQW5FEk3ktwNxZSIrK6lVkDptLjMGQfKUR4KHvL8yO9MqTfaAAwaBtiEgjtHZXdCLFXc5uQf5zhXM5a8hhPE9P5CSXhNyWDlihAqRvG7ELN0fOefcCnYwHFZ2BGrvVC1B0C0TWaNEQrcaZC40EvqfZMpBxztD6iXhg7yhylMmAN0cL9JhvIzBj9xuxJhLPUtwBUD4waHu9z3zTj9n6XHTBE4ZufJraHLLMgWfmuEUvaeN7rJ9pKoSyDFzCGklprPb3NB5dTTsUxWrS3Wp9MmJss4mjuhKJpEoETb6j8ap92nCn4h6ca7uDN9Gburs8MO1eiEGol7nsIKWO7U7vLjKm6lCW53sKSFmtgzPkl8nW9WQtUmO2UUBWp0ykdAvIVV2JQdASC7Ici8FqD1iuAnvWzKNzYDNUTCARlDsatZNr47ZRyiGzbfAEOVPRTxE0JcIdWlYneXW2BY2gcnzKHmm0GyYSXVxkwTtdqy9Rt2aE0JUJjsBjAkduljURhKKETP3o2es5WDeCRzyauXD3p3zaHLPaHYK518WXtGXo7kAuO4Ga1d75N68I0smKU9Cikjo8TYEgE6Z4Zi9VAvI7CiHTFfkH8HTAGJZlGbZefXlzTLsxRK9s6xJswn85pPIWEF08DrFLSY14ci6wjXcN4ocAMTI6yQbOhtAKcI4JlD1LEE7kKVPQekViFZWw8olJ3qVs3v5G6AFixsAyiqAGtvyqESTV4P6dUcMfLjIqUXO4XCQzmQX6jbqQidqxOtivYsuyC4qa89Ud4N8ySmfoqdrRqEfBpw8hH0ZNXTtHzM1ElOiwbMqm2V0EckdH0M5OCmwS9KOVRZa9CywbhVOdPgbtUUZGlthrL617BGkuDDaXblYIc3SibkpbJ8AL8gVt65exdzKjhq0mqiRD1vDNdQ5MFGd5tHr75g2Bx0kJeCHQoqZJdnYEKEi8Q2DL3LAUDK4G4ClR4rZSv4FQ9tBLSVMeEDbCTURSeAoSVG9PvXXVTiWNJtLWRtsIusQppH3PuMzfl5O9mkaub1mdI5s4hGPUt6PblcS0qZkY6t4knWK9jiQVXsIeoJvx4BgPJdjoNj5P3oUWZZDXyJucBp1TTUjABFFFy089QHZP9GPPGVjERZ01l14TROQOVCh09xycy42gIE0Nn6K9DvDhlqpwft5RERdXuoqfT0IdlMbWjvIevfynwuKBCv83P1A7C9NiT1HOd5ND9KQSckk83mOK5TVPnI1K2No548xmDAePnAraGxwn69V8HIhVewqmBH8jRtWRyZh5IhWMqfxxEahI9L7GzxWoD6A3UCVnIwZQlkIrHFYrip2CKIsoIW1Nho3SEo8WddA9cwdCvj54ELI4pACpMks1jhU5ShDqYOZX18mkiJ7TKpFmroexVcez9fYD4kva0EQvqL3ooruyO4AdzyX1YHQquKhYqEV6LSL75pq2qpmGbqKZdZGzkj7g6SfEbKvYQSLT8E2tn5U2RhMDhBPXMgmQUOFHgAaKv4dsP4MdLKdvkZbr4gk4WjJ2kTdYB7GPVV8RH9ucpybZfloxxiq52CqtQ223mQa04KRo7i3vP0ICC7oBmkO4Qfps4ThtGIPrbNFCvq1PsWhnbCJsAQA4SKPtYqWlOnyu3fUs4b7tXDASs4ddiYKXxsxslTjUVM5N4AEaISgJAcjLbaMQ0JhRMtTdB4OyiX431C2SlXBufypKYNH1LH8SPw5qKHBU1g4knwdOGJvwPtvPFObohlmSXl9fsNFrXk2gxfFZOXwAcP9wGMc52WN6rOVdaGrBAloynI3J48rP9HFioCeODajXyammqbzsKsERuw7ypmdmbc7bIR1O5aEfOAOtomfqv74uvbQ8X2ja0yd3VkpEtleIFZ8MQZOrupyQudeI8FlOcXe0V6Z7oeBpbbqKCexlZyQ05P688ebQcIwJQbVDWSqJAmhSnmViNhT5gQUDuMvFawbFdYFTzFqwksQw3KBs6SqXrutPvN2AiQ6YE98GeHybsAHV0u1kZFDhSif8NSV9k52NQmuc31MuifUvetKlDnZRdF5kCJ0cCEWjNHzHanr7e7SvsqUINRnyJMz9u13MOF8BSdZARywRcF2SxhmcDaP4RtfiNpGNCHCAJpQENywAIsiP0uVY3FVdEWq8s0riIKn00uzsDQrDj1VzwhfWXgpndyRCdEy87b7tkq33dJaRNa43urqpMRqejHasn9B2KLluIgZ2LwtXPAlhut0h4QD6ZNw4mjsCf6dmHby4kFTlgVQlHvMRx8tQfAMyMF6GIBQrYtxaOrwn2Oj1mGoywPaC8MfJFCPR59U4Ec80WwaZBBQo3269oHRcXhpywozz7BlbnYHLdrOLrRqmYcSJni8jFV3flqlDOXIqCgxX7SLi4NIuiKGPADiZ1LDDlrogWZ3Pom0NLK0R5v1JcDY9UBYdE3cB9gGAWoeQ6y7ZPxnTp7awSVVl6jfJNt73qNhZsBMCQs2sLJWuUite3WnHL4VM2vZTAwj3w4hK4Hmq8J7y1QlDlm4uTd6T1uHK0OXujM6lge80jOPczMPR8sbN9dO7Uu2eVTjJUDYKR0fvHy8oxI28YamrCarnD6eIzA3vGo0wSUHvuTaENZHlHnIcRyk77MMaoUh9hM6vhJfUjteuQKH1I7trgEbGEIo1KxAJMnKAX9hdaJgbKPZSEk86Xo0a0oIUHRok2e3RmiT30rpo7fcNLhIBvkVxFqC3xTuTFOHX3s5ufgzeZOzTFvLOgtolBiJBo4CXa8GVoxeHVfHjWacGyhNbFjG9hPUR5vfuBeFjgZxo5OvTl6uSkGQRLyEGY3j4QPfZcW04YyaoNcsDlHZlNdC9Bj2ZDuvTAtNCLb86eYspVLPgLwzbaXRgxEMMLyUfqZtDiYszVsP0Uh9D9sQMmouaU6FH0u3AROhbRpQsXPIDC2HuSyNXzPnuwMxIU6h9mz4dA1AEAwlv5A1cPcyeRyMbakNG6KWnSZXDyvO4fFLKee2pgYHqF9ZJ8HBSKOBzTDECOStVSHBiPDBPLsLbGEaMSDZsL7FRmWMXwzikcSnTfjL9qxNzcl2YHO4Boo3Pd1Xfvk8FdDie2hRzN9tXleGKh4ioK8r3vIkJtyxhvcCe2ftIqvUcEPziSzU6cizIwgDxSS3pey65tVuy7KRrxHO70TlDBMZzR9kHBulZf1Nh9hjsgwabPZh8kNKaUS4bBjSFFxrZg18r3r19xkQf76wBhAn2H3NZ5tkQF1iLuSyXbfFuP7fqg3OU5vFalMDGdHX9bZt1qkzLRWvZGP7SXH7jQm0JoaaA1Ihwu70JZAY2yXmU6iRDIEnjSBaIASerIGVWHMigWoENqnf8Q1ioBjiNtuzLilFEA7YlNY18mz0LOFWFsWVKoaFAV2i1RzZ58MDYqqocUuL4N6BID36nDVt8L20w0izoYob461hBTAXLbxnFAyJB5Nyc7ztGQh00yoTKe3Vf3gwIgLTjMpmsXk4ArtNsONriNdUulOQb8xo3BU53eTzejbMOFTApK3wUXa8SPBJfNfASPZF5q5m5pheIxsbOzQUW7tMqQjKIwCcOegt3aNJ7mD6UB5EGeepv3gd8LZ7WwkoBXp8ppd1T3HeV2iUtohz3PoCRW0fKXV5kus9itLfoKPHXYCKZQF7h5zK6IG44UMhsigHOqHj22xzORKk31Xh9RMtXhTntqf6ISvM2K6UwVhoQWgqqPlziGZ1I4Dzn7rwbmNmZDG9aOOY2PDRmlA159hg5zRiIJs15Zifl4ML7dZdxDEZKTT0nB7DblBNsqWrJ5DHyjia8IfoWiqf9rh37IlRIgI6hi6ID3obuvTs2SpyK8UX0uToNIphwlbMr2LDdh8Trivdl5zYZOTDGQkOBUJLcL0sk4ViqGN9rzGJVjpA6F0YuNhPHQMJUHG4PXirXOJPjTd3hCd2SksPeiLoDazkb5gL8K61jPeqHtBSEgqFMrqCK9DE13db12XD40UbqR8TqnolDwabnIbNj24LQRZbYyYhH9SyxC0Up7igUVWDNitcWQd74MdDlJArFcZtVHsCrcBkwfvMFysvz29pcdrsh85LUXpGSX20z1n31wJLtUhAPYLwvEWnOLVzY91ASPQzkISpzkDey9rkm9pPrv6UukkhY563GpfbWEjmmufjlgHFbpugZjj2Cc6UrRhKPENGCep4UBFLbxOp4pa5qcfOwcBvwHlrMuW9fUNOGPaNWVPXwD8AWlnMnmRc1l7arH9YVUncAFcYcXmwZM2p1ZHZ9JpCQ0qjhSo7W0Om7TKq9t1Dyqip77CAh76j85AX9oG6n2cWVMNYmORXQiO3mPZJljtHIJjFg8ZOFJkBbmNkPFR84E19vV8Uqxr70RUQPNasoqEFXTWYCLXBTAfGhaWqTvmO2KFQ5nttfVZK8M3WfHXQmKUXbk9WG1R4mC7UsQPAsH7MhZvlW0tKNmkI61u3eAprvkWdHdYQoo3bkuZuyQpTW88DfWuAyKZlRSOYj6nfdUuzRcokCig0AoMlnNptWhxyAJ70ZRwKHRM7qQ3zZFIyAcEPmEbzzJe4CeMnuWMThYFkQG01CBCZ9uSClFzz1Xm1rBYjvflLjJyyxhcy9QbBs2NY7rJBjn42xtXd1K9a1C9XyPNuI2fyzTUeZSOKaHo4R4LjVpaz2hbEXMBPeNvKYxYH7Gw7SrGlegnDTTZpGD8zgoxmtIQIUnMoktbxzMphgZoU5Is0tSHyP9ikBH6CtKf5awYiWEVn3Lw2JT8asj7LIp89Lzr9LhJgYT7EzG4N3xHosCOs0xdBaJAXg6e3EtzjqUa8MlZFaFha35EbLjaxCqGGSeg09dBuCrzEYiFVihXrSL4fKZhbA6bmsLmzn64uqij4IB2VJwnAtl3JrNtm10ca3gPQCUVxQjWHjpCBRKYiw7MgcziBgzxgWHGUvDuGaJOGroPXMUH41nAR3piqbf3FHzwmM311tAWDPEynSkCp9b99JGoxZjG2rLJKyCogWYH1FywpMziSB1bLIe53B1ESNHj8oBtQpgkkA3lKBVJhm5kOy33GXwB0lHAZuEEUWWUDbvc4n4DTK4KGHALu9CQzn2GDv791c7u5Gx6eZF7AYk78DblUX9qPjIu4jgn4W6TGPpARxkd4GromUcn1goDOhT6BfugGUlsVKGxJLSR4nIoDHpScgSY43VYUEyd9VBjoTSFayVkqLM9SE5kAaC4eLjaokHzqvt6Z6j6xogatu98gdRvj1HwToYK2d8pnpN89AjtyYa4wtK7to1y0zTNAJHBxew3L5cFFYO5BEFEmpRvVEkWouLipyxdRKFcnkfEO9x73ZeDJXGYBPkiOZJc7ZxlbpFdZxFQHLjaAXmCpUL96JqkjgeJ8L5onNeAKGCWAPQcx78GUj4dWB3S1ldrNIzQfNcHpFLJ0Asm87Lccei1StUxalEb5TlYcbq2rgjW9MKdDYtN2ohcBej17eoVoSvwy47K2pftPDXrFVLhetnplEcIjMz3jWpVzlspxIu4NFzgaSDxHKePqbdofpZahZG1tqm6nj9kijlokk9rtneBoFVeJe4Ah3zscqAodWa9jW5aNfCb4wJydOIaOipWtjombk5N4J46kQP96ASP4LFznct6tShCCAz6uuXslnW9ANffqBWKGwHWdCUSX6vCuyHXQYEXyRZzRZhcpmQ8yH1VEUAcgcXDH0lmj0coiT2gagYwY0CWu2GRklSg60l9MWXKjq6csddK0WUmIkpN9D0xPQEeFyZ0XBi6nhR6qx4xPIMRVkhLOXuTtxA07GWoJ8d3ldsbHbRjxDwWwey7LKrRNETTn4N1RckqUujTitdohs8pVoA42p0i92lktyzWS1LB4O2u2ZAEvb8l4MwRmBM0xRnoE7FQwdyYpGdzSnU4yt8u97I1zE3UcZCONCKY5sfX4FekbM48HoOHXaTfPUanGtvFiPOI1F8EezbgZEJIYzuJKeiLVXnQJThW1KNtMxfZ358zHgUKVoK2PFmGPvxdSNPZFyyR72cvKysGMNo7AiZ2EPAEvC0JCMc0pB727H5UJnWjz68hzNozhsyps47YPojyVmfmDRm8R6PigQArtP4Wo2XAgjhX7ICxKBtLOQ4ZZOm826MXp7YGnQD743Sf9Wia9iMlnghRXuSq79Xwp68SmIghDOBt1NQQiMmAfbA58w7LarRsE4jLXYst7c9feB7rnvvwZnYutMf3oXeJNM0QlILcZOldJz3jGiLb3YS2ywuXs2gbwKkOLRdy5KhHRwjzt6yovTTw7KV2P0ybBpSnRITGdHZ8730uh7DmNC1FeFvIht3OqKjCzHg6lZkTZytNHpBsh0zkWfajYhuXssjOPbNJ8JqmkQghxUCwKSOlpxiW7mFauRSQ8AFGSrXFl68nVhoMcO8a1N9FrLnuCifeOlJ2KqlrnbSl9j8DCBEeGRrHlEhsevcblWrteJJmKHgrVC00DkjARAdovektSuSPSmt852JaIaf9KoOT8nDRn8r7wKhaCJQDbvN4rz7XQ13cBrZivgkMpqFuq4jmJcXhKskviMuDzisQ9xxOEQdtGQws44yirFCyg6dfAVAMMHTIBpvjzwqdRFmyI5zWZA1odm0Gd4kDUDikAY8SDTLA4CLU7vheXalLHmew58YqkED0rofBcRVeKTetswbLvampvwwFjKJ2jSwFdOfgrbqyyWkIGNVC1eSPqcF6MGit0L8Xk7XqObnohyGhrGTaiTAxVeo6Z4IKAUEP3JqiZQ2QRoojq2UhTqV88i60sdtzxkkfzjLA8XgUMVofpaFvFmtTaLQcAhw0LuSuVk4kFDJxm4PSiuPj3jCHokm6pwCtxGJZx8OqnlEdC7ftZFr6WcNzpLQo30KO1zycNgDmIaobTnPl8bTJtPNkKd3nErjHUgRume1fe3EOpdUl9T728FNaGxre7kdSnMVRz06HigallZEzvH56qAQLwwMCfCWJ6dX48rOFvhuT5EABOTVM0p67zu02wKsraSvLdsqE9uoR8gzIJoUFt50eyKrnoC6lXNGSES5nFRqRj2wLBsX5KTAMzPCJyAuaNOfMCNJyP3wLj3dFZhkOaVZ5n9XLsuuEY9tiEbgOzhz6150COEn6AAIbS3D1bBV3U1SHmW60qsZFaiEyZk6AZsiKuVDuAGbdpzhww7sfmbs0eSOiCOWWkfixmzqBBEwS8aaXkYBUIFJ19sX8EYJFZlwwbPx5iNsi55QNtuRKboSLzxKDwgVTFFalqEGX1dOUIVYw8LVOdMxdzmSCKIX0oE13xCN6liJDCMqKyf8N1JdlcKzA0xYr60E8EfWTQhIHSmGZGNehAgpXXdCkaFfPLIuSNh86KKRMiZXZQHkZISNu12AT78woHto5ssMLy8ms2QPOB9Py4wwotAu0Bdkk4hKQGOkH7g1n2r4eIj3QWhgKx16eig8U2ApwoxJouoJyIR0sOrusQ7u5O54ky08IHNHxDwIlR7FqpQrLsw2mEaNg4lEWOTFffAx5zK34vxnmWa5Ng0pmebdIrFsdeyv7jUiI4i1srfonpVSnCCfj8R3hQKLw07oUTUBn3t49rYFrcxTer1tsO8EbA2oiIO31AfagspBBxJcpCdFaJiKcR1vQsZG1I0LYNzB4ToFnuYSDsGi80n0uIyg6mgz0SamU0aS3R7VroHcWJJwRtp0jZJGjMaSifMGtEaU0NIvUHdKmKh2k2bXNeAdyUsMR33Trj1d3JV2pNlRL39n7gv3M5N7AllN12rWid5TvQ8cfo9zdSJ2UBwT4upwu4pGmEIxm9Cl5fp2xiimhQT9qCRIA2Ym8xLMsND51Dql2mZQTTYxp5ioww3S5PkotmAox3MrnD39gwvupV37GxbBw9bkNRAv92krI7Cd6MFrNnm8AsAD4Sex23WUDIln2cMlNwhN3qi7oeo0RYYXZ6INuaBCoYChxzvCvAqhlo25irhWJkoap9ODUBgaEuWLeCyXnTOpEOc7gW10NkTALaN1poWHu9UxOFnuUz8se0EXoVxih1OYujQ6Q5i369IxNRncaTOVFmpWn5thDEokxaliQOeJtCoffZdE6DEkXbumcMgX3cY74M5STy89GTgyp1J9mwjgk21QuhP9A1UkEJXO9DpxXyNzPV4E9CW4kwoAbWM1luTycTyEj0JOutbTlj2dEKo5Ge1w36MsiDiqeC5RGFqdUqdoq3GEjtqqgV4m3Lvoauh0NNZoDmwP3Hlo0skHZDIeONtBwDKGjoLrdGab5wWCU0Di2mhgMQHEUU6buNiBBUrjNTxw9vIxEBjvlPBRRg3Mv0yrmVMLLQHrANS9tLdGtGGLR2oAfqMjNFJueA5NQBWgeMvxnI2CIWyhGBqa78Ib0i6gAqNvUvGUPkiVdc53kqIPRike2b8o4DSIgMemTlz3tD5umh4vXypcvSwxQ6s8wP7a9W4ovHJgi4Wws0bhFsud9pXNvw5Tycn2bXpGnwHFj9MZJVebVS2XwZk6rT5AFXlBWInb2sMZMXa38aR05FlFSFfgue39OzLNMM3yKNDPf9CKINoyKehoY1wuhLz7wtrCMZGfvPHGtBvkbQKMBIUjKmd6RuyNHL2eNYvpKb19jddbXlDx4rPhe23BvHxuAyZHzdGyOqGnfxsC7SFqZFBB7BHZphoHFu0th4oDMgxeF48voezif5ZgL9VhTI0W66ZOKpZMDvq4QUPIz4qKSNYRPxjaf3LHP2vxxMnKwktK7hcZvZSjR9Id8niKGamU1ueI3YDUr9h1vobvVml8DAoc5IEtHk8oe0PQ9tbynxB5ujAshgH3fw9kr7AAlhQiqIau49oUWC0egEK1Hn4nLFkdvBs9dUGccBOKxEKZBMjc0BCCT94sX7YjGMRDKDKtFdEyBDz1IYCLwRWDNiodTtGXnmkCslrt34qVWRrfphAhTekp9jneiTa4j4NhpQ3w1nnAK87YnQ0icYLDX5O5Vj0gapFB3X95oOtaoofbCypwoVg0lrg32WWfpcwF2LGgELNdSFFWt4CXoyc7VsK7YK53GnlgBt6mbU8XNHMpfm8XWcssVWowAJOEZIJjnvY8to1ifizLY8950WhH1ML80cfC18fDX4NTEVN3iaUr21GhXWzkH4TNRJLx1LYDQs5JMUvwKLRwkJAZOzd22o7USYbsYDf7u0SffZ3jOx9ArAhnt9Fa1F9opmZZEajtC9qPRJDhNprjlxXZo8uXfyjhUbjm3Rg2zx04Lk8T59FIViIZLfLU8gc1372vMHAh0ndHtPjfGsv0agBtjtTkn2iQSIcr8skwdymGDGXgGqwLQ8vyqpoRT9xlSDyxmbBEsRvMteNLoSSulepqUs7YCTOpDW0GOlCLmAp3NMSKJNa8u8WndksQWBcTE8ELSGi2THwmwQXLj5QNPiqJBqVfjdAa35TYbhS2cAKqQ1OCW3aPrjzSlHiLKeGAtPpCU5BAk0dMScgTQvdbyxnKbJshPJeqJ2CDyvZ02NGYuxKG82MbZARuh0hKQh044PL6k2PbfXGzZCsdFqi06ODv9boI08lv5x6AMcJvV7rWgCZGD96A2KaC6mK3QNTAYnV4o03x4LgZtRIdUE6xKxESCW46pC5JxqLpxMeLYzJA1il6qk7gw37lc9asKceTTtyO8jdFp9pwuQqpdkgm4woKYXTgruX4W6OvBlMcUerGqZDUFC6dBdTkOuAS7FibvydwqCuL3ntWvRJWldqCaLJO5fe87wN3D0vc1h6qt4rPSc5AZSqpXi147adkjoHwz6FOvQwBN6MVUzUFWtI0mgL3ao1LjfBuCeDaRriNIFeeuaHtj2YMOV1HHm0JbVL7xrH14wydVN30ejmxWq6OIndYyEb8CAxStQN6JOVU49gy00l4b4qRD73TdsMw8mBOosr89ZOfpfIvDqNJnENgD2sXlaq7R5lBKMx4Xz3NwoosEWxR9Seab3DNVaygAAmjrjZ0LNMDtBTeUmghBp5IGhFOMxzUiaFiqNRRWfdbpiE85eLHHnvpWcWVwiGN6tty5ftsahD03WlYg135jZFXpRsId8HyGGHI8yAZRdWszuBJrZVPGYhjgJyzhaSNevFkAv3DuxXuBbTfsvlFOnQDRvBMeTKUueokLnEpht2D17c2bfgLemRi3vv5LNnedmcNAlOEVwpCvHtDUInzKpCCjgCtwaXxqc6hMk3KPs5aDxLzALgoS7wL8Y9Au0EAYyqZlEJ0IrRfQwv5yHO3VwXksFQI8kI0wvyEkzkfJbtu3q6bmUcN1J2X6PZLo87XoNXrOs6c9PbG5PoxF2myrWdid33I5MLOYUULphfhkB4eTh2Shc84Vh2dBXEtwBi5XJIzqCSykw6wyuHoUYysqChgziyCPUSoX77dnG6l4EvFseg5yxOdCr9G0xT16Gymi1noQ664WHVwcETZX1HdDzzLQJizsAp5nHgDXEAJShzK97LzcHLBvDtWU33nhVEewSqGRiKJkCUHwWYZcxCakSwbcqnOaGoUNqafc47e3HuUSYH4N4S0KOdvB8El06tIHLy57BoZAUcYO5tp6iaxoLsZSfNaYcAFUwDLMixqeRkrsIdAfPxetrUpQChoGCoNFYfdyZQpAq77eyxVU0Nmg5sSG0norMR8LzrF7S8QhpY1sfLtRtyY9BB9ZgXFhDBFKkGXMXUjemVTaAoSllOrrwOXCT2rPQJJoIVWDWCV5uNmv6Cose21L6d2rLSSYC3gPceF3BVPfz9SWj6g59ANyE00BHwS15RBvVqnXhma0SoPIG3DTJpDzcXJ6XjEtRrTjuTUFvuJSymRIFCxtMMxXUmZokCz5s9ppcZxNnCVaa2zZwvVo19BmJ6lBLVyO9VGwZUTKKmtmT5qGHVDW7XcvGHnNXRB1tDbax8wccVpRhlSxKHA3EFPWLn495DtchYNJLNOUMRQm6o62iYEx6v4UGmPFw1CONVXofoV61668qaJ6jvSoLhwfUYzev3pjvsw59EebAFhyzWvJmJAlTxJqFFfVj0DmkVTa0CpqeI5GLL4Aa84W5Oh2VWCgG20SGEMODCJOftfozt5CoCmcxWs6QDDw2Tra9Tsui90NPEQlO7YKnJiauhaSMfim1YQXi0fg1lNJLuJKLd98si3nt3I9r6HRHL38tnWR1bjzxH6PMxgysbivWgiAGO9Ovo6MV8MhAK19mUQGEJVgrTXsO9CAVivU0HzvIEeZwFDBWp5v4zv11JBKv9eNMoOdd1pqr9mtXnMMPAIpJWcvuUgbYys7tRVUdKn1a4PFgnftzgm
Tests complete with success!
Stopping valgrind and aesdsocket process at pid 5995
Waiting for aesdsocket and valgrind to exit
Valgrind and aesdsocket complete
deleting marker file /tmp/tmp.POpqoESYHx
Test of assignment assignment5 complete with success
